Microchip MPLAB XC8 Compiler V2.45

Linker command line:

-W-3 --edf=/opt/microchip/xc8/v2.45/pic/dat/20230818022343_en.msgs -cn \
  -h+dist/default/debug/egr_314_icc_1_pena.X.debug.sym \
  --cmf=dist/default/debug/egr_314_icc_1_pena.X.debug.cmf -z -Q18F47Q10 \
  -o/tmp/xcXOLAFMD/driver_tmp_3.o --defsym=__MPLAB_BUILD=1 \
  --fixupoverflow=error -Mdist/default/debug/egr_314_icc_1_pena.X.debug.map \
  --md=/tmp/xcXOLAFMD/driver_tmp_0.dat -E1 -ver=XC8 Compiler --acfsm=1493 \
  -ACODE=00h-01FFFFh -ACONST=00h-01FFFFh -ASMALLCONST=0F00h-0FFFhx497 \
  -AMEDIUMCONST=0F00h-0FFFFh,010F00h-01FFFFh -ACOMRAM=01h-05Fh \
  -AABS1=00h-0CFFh,0E00h-0E1Eh -ABIGRAM=01h-0CFFh,0E00h-0E1Eh \
  -ARAM=060h-0FFh,0100h-01FFhx12,0E00h-0E1Eh -ABANK0=060h-0FFh \
  -ABANK1=0100h-01FFh -ABANK2=0200h-02FFh -ABANK3=0300h-03FFh \
  -ABANK4=0400h-04FFh -ABANK5=0500h-05FFh -ABANK6=0600h-06FFh \
  -ABANK7=0700h-07FFh -ABANK8=0800h-08FFh -ABANK9=0900h-09FFh \
  -ABANK10=0A00h-0AFFh -ABANK11=0B00h-0BFFh -ABANK12=0C00h-0CFFh \
  -ABANK14=0E00h-0E1Eh \
  -ASFR=0D00h-0DFFh,0E1Fh-0EFFh,0F00h-0F5Fh,0F60h-0FFFh \
  -ABIGSFR=0D00h-0DFFh,0E1Fh-0FFFh -ACONFIG=0300000h-030000Bh \
  -AIDLOC=0200000h-02000FFh -AEEDATA=0310000h-03103FFh -peeprom_data=EEDATA \
  -preset_vec=00h,intcode,intcodelo,powerup,init -pramtop=0F00h \
  -psmallconst=SMALLCONST -pmediumconst=MEDIUMCONST -pconst=CONST \
  -AFARRAM=00h-00h \
  -prdata=COMRAM,nvrram=COMRAM,nvbit=COMRAM,rbss=COMRAM,rbit=COMRAM \
  -pfarbss=FARRAM,fardata=FARRAM,nvFARRAM=FARRAM \
  -pintsave_regs=BIGRAM,bigbss=BIGRAM,bigdata=BIGRAM -pbss=RAM \
  -pidata=CODE,irdata=CODE,ibigdata=CODE,ifardata=CODE -prparam=COMRAM \
  /tmp/xcXOLAFMD/driver_tmp_9.o \
  dist/default/debug/egr_314_icc_1_pena.X.debug.o 

Object code version is 3.11

Machine type is 18F47Q10



                Name                               Link     Load   Length Selector   Space Scale
/tmp/xcXOLAFMD/driver_tmp_9.o
                config                           300000   300000        C        0       4
                init                                  0        0        4        0       0
dist/default/debug/egr_314_icc_1_pena.X.debug.o
                config                           300000   300000        C        0       4
                smallconst                          F00      F00        2      780       0
                text13                             114C     114C       2A      781       0
                text12                             11AA     11AA       18      781       0
                text11                             11C2     11C2       16      781       0
                text10                             1122     1122       2A      781       0
                text9                              1206     1206        E      781       0
                text8                              11F8     11F8        E      781       0
                text7                              11EA     11EA        E      781       0
                text6                              1078     1078       4C      781       0
                text5                              1192     1192       18      781       0
                text4                               FF8      FF8       80      781       0
                text3                              1176     1176       1C      781       0
                text2                              11D8     11D8       12      781       0
                text1                              10F4     10F4       2E      781       0
                text0                               F02      F02       F6      781       0
                cstackCOMRAM                          1        1       16        1       1
                dataCOMRAM                           17       17        C        1       1
                bssCOMRAM                            2C       2C        3        1       1
                cinit                              10C4     10C4       30      781       0
                nvCOMRAM                             23       23        9        1       1
                idataCOMRAM                        1214     1214        C      781       0

TOTAL           Name                               Link     Load   Length     Space
        CLASS   CODE           
                init                                  0        0        4         0
                text13                             114C     114C       2A         0
                text12                             11AA     11AA       18         0
                text11                             11C2     11C2       16         0
                text10                             1122     1122       2A         0
                text9                              1206     1206        E         0
                text8                              11F8     11F8        E         0
                text7                              11EA     11EA        E         0
                text6                              1078     1078       4C         0
                text5                              1192     1192       18         0
                text4                               FF8      FF8       80         0
                text3                              1176     1176       1C         0
                text2                              11D8     11D8       12         0
                text1                              10F4     10F4       2E         0
                text0                               F02      F02       F6         0
                cinit                              10C4     10C4       30         0
                idataCOMRAM                        1214     1214        C         0

        CLASS   CONST          

        CLASS   SMALLCONST     
                smallconst                          F00      F00        2         0

        CLASS   MEDIUMCONST    

        CLASS   COMRAM         
                cstackCOMRAM                          1        1       16         1
                dataCOMRAM                           17       17        C         1
                bssCOMRAM                            2C       2C        3         1
                nvCOMRAM                             23       23        9         1

        CLASS   ABS1           

        CLASS   BIGRAM         

        CLASS   RAM            

        CLASS   BANK0          

        CLASS   BANK1          

        CLASS   BANK2          

        CLASS   BANK3          

        CLASS   BANK4          

        CLASS   BANK5          

        CLASS   BANK6          

        CLASS   BANK7          

        CLASS   BANK8          

        CLASS   BANK9          

        CLASS   BANK10         

        CLASS   BANK11         

        CLASS   BANK12         

        CLASS   BANK14         

        CLASS   SFR            

        CLASS   BIGSFR         

        CLASS   CONFIG         
                config                           300000   300000        C         4

        CLASS   IDLOC          

        CLASS   EEDATA         

        CLASS   FARRAM         

        CLASS   HEAP           

        CLASS   STACK          



SEGMENTS        Name                           Load    Length   Top    Selector   Space  Class

                reset_vec                      000000  000004  000004         0       0  CODE    
                text0                          000F02  00031E  001220       781       0  CODE    
                cstackCOMRAM                   000001  00002E  00002F         1       1  COMRAM  
                smallconst                     000F00  000002  000F02       780       0  SMALLCON


UNUSED ADDRESS RANGES

        Name                Unused          Largest block    Delta
        BANK0            000060-0000FF               A0
        BANK1            000100-0001FF              100
        BANK10           000A00-000AFF              100
        BANK11           000B00-000BFF              100
        BANK12           000C00-000CFF              100
        BANK14           000E00-000E1E               1F
        BANK2            000200-0002FF              100
        BANK3            000300-0003FF              100
        BANK4            000400-0004FF              100
        BANK5            000500-0005FF              100
        BANK6            000600-0006FF              100
        BANK7            000700-0007FF              100
        BANK8            000800-0008FF              100
        BANK9            000900-0009FF              100
        BIGRAM           00002F-000CFF              CD1
                         000E00-000E1E               1F
        BIGSFR           000D00-000DFF              100
                         000E1F-000FFF              1E1
        CODE             000004-000EFF              EFC
                         001220-01FFFF            1EDE0
        COMRAM           00002F-00005F               31
        CONST            000004-000EFF              EFC
                         001220-01FFFF            1EDE0
        EEDATA           310000-3103FF              400
        IDLOC            200000-2000FF              100
        MEDIUMCONST      001220-00FFFF             EDE0
                         010F00-01FFFF             F100
        RAM              000060-000CFF              100
                         000E00-000E1E               1F
        SFR              000D00-000DFF              100
                         000E1F-000FFF               E1
        SMALLCONST       001220-01FFFF              100

                                  Symbol Table

?_strlen                                        cstackCOMRAM 000001
EUSART2_SetErrorHandler@interruptHandler        cstackCOMRAM 000001
EUSART2_SetFramingErrorHandler@interruptHandler cstackCOMRAM 000001
EUSART2_SetOverrunErrorHandler@interruptHandler cstackCOMRAM 000001
EUSART2_Write@txData                            cstackCOMRAM 000001
_ANSELA                                         (abs)        000F0C
_ANSELB                                         (abs)        000F14
_ANSELC                                         (abs)        000F1C
_ANSELD                                         (abs)        000F21
_ANSELE                                         (abs)        000F29
_BAUD2CON                                       (abs)        000E9A
_EUSART2_DefaultErrorHandler                    (abs)        000000
_EUSART2_DefaultFramingErrorHandler             (abs)        000000
_EUSART2_DefaultOverrunErrorHandler             (abs)        000000
_EUSART2_ErrorHandler                           nvCOMRAM     000023
_EUSART2_FramingErrorHandler                    nvCOMRAM     000029
_EUSART2_Initialize                             text6        001078
_EUSART2_OverrunErrorHandler                    nvCOMRAM     000026
_EUSART2_Read                                   text13       00114C
_EUSART2_SetErrorHandler                        text9        001206
_EUSART2_SetFramingErrorHandler                 text8        0011F8
_EUSART2_SetOverrunErrorHandler                 text7        0011EA
_EUSART2_Write                                  text12       0011AA
_EUSART2_is_rx_ready                            text11       0011C2
_EUSART2_is_tx_ready                            text10       001122
_EUSART2_is_tx_ready$249                        cstackCOMRAM 000001
_INLVLA                                         (abs)        000F08
_INLVLB                                         (abs)        000F10
_INLVLC                                         (abs)        000F18
_INLVLD                                         (abs)        000F1D
_INLVLE                                         (abs)        000F25
_LATA                                           (abs)        000F82
_LATB                                           (abs)        000F83
_LATC                                           (abs)        000F84
_LATD                                           (abs)        000F85
_LATE                                           (abs)        000F86
_LATEbits                                       (abs)        000F86
_ODCONA                                         (abs)        000F0A
_ODCONB                                         (abs)        000F12
_ODCONC                                         (abs)        000F1A
_ODCOND                                         (abs)        000F1F
_ODCONE                                         (abs)        000F27
_OSCCON1                                        (abs)        000ED3
_OSCCON3                                        (abs)        000ED5
_OSCEN                                          (abs)        000ED7
_OSCFRQ                                         (abs)        000ED9
_OSCILLATOR_Initialize                          text5        001192
_OSCTUNE                                        (abs)        000ED8
_PIN_MANAGER_Initialize                         text4        000FF8
_PIR3bits                                       (abs)        000EC8
_PMD0                                           (abs)        000EDC
_PMD1                                           (abs)        000EDD
_PMD2                                           (abs)        000EDE
_PMD3                                           (abs)        000EDF
_PMD4                                           (abs)        000EE0
_PMD5                                           (abs)        000EE1
_PMD_Initialize                                 text3        001176
_RC2REG                                         (abs)        000E94
_RC2STA                                         (abs)        000E98
_RC2STAbits                                     (abs)        000E98
_RD0PPS                                         (abs)        000EFA
_RX2PPS                                         (abs)        000E88
_SLRCONA                                        (abs)        000F09
_SLRCONB                                        (abs)        000F11
_SLRCONC                                        (abs)        000F19
_SLRCOND                                        (abs)        000F1E
_SLRCONE                                        (abs)        000F26
_SP2BRGH                                        (abs)        000E97
_SP2BRGL                                        (abs)        000E96
_SYSTEM_Initialize                              text2        0011D8
_TRISA                                          (abs)        000F87
_TRISB                                          (abs)        000F88
_TRISC                                          (abs)        000F89
_TRISD                                          (abs)        000F8A
_TRISE                                          (abs)        000F8B
_TX2REG                                         (abs)        000E95
_TX2STA                                         (abs)        000E99
_TX2STAbits                                     (abs)        000E99
_WPUA                                           (abs)        000F0B
_WPUB                                           (abs)        000F13
_WPUC                                           (abs)        000F1B
_WPUD                                           (abs)        000F20
_WPUE                                           (abs)        000F28
__HRAM                                          (abs)        000000
__H__absolute__                                 __absolute__ 000000
__Habs1                                         abs1         000000
__Hbank0                                        bank0        000000
__Hbank1                                        bank1        000000
__Hbank10                                       bank10       000000
__Hbank11                                       bank11       000000
__Hbank12                                       bank12       000000
__Hbank14                                       bank14       000000
__Hbank2                                        bank2        000000
__Hbank3                                        bank3        000000
__Hbank4                                        bank4        000000
__Hbank5                                        bank5        000000
__Hbank6                                        bank6        000000
__Hbank7                                        bank7        000000
__Hbank8                                        bank8        000000
__Hbank9                                        bank9        000000
__Hbigbss                                       bigbss       000000
__Hbigdata                                      bigdata      000000
__Hbigram                                       bigram       000000
__Hbigsfr                                       bigsfr       000000
__Hbss                                          bss          000000
__HbssCOMRAM                                    bssCOMRAM    000000
__Hcinit                                        cinit        000000
__Hclrtext                                      clrtext      000000
__Hcomram                                       comram       000000
__Hconfig                                       config       30000C
__Hconst                                        const        000000
__HcstackCOMRAM                                 cstackCOMRAM 000000
__Hdata                                         data         000000
__HdataCOMRAM                                   dataCOMRAM   000000
__Heeprom_data                                  eeprom_data  000000
__Hfarbss                                       farbss       000000
__Hfardata                                      fardata      000000
__Hheap                                         heap         000000
__Hibigdata                                     ibigdata     000000
__Hidata                                        idata        000000
__HidataCOMRAM                                  idataCOMRAM  000000
__Hidloc                                        idloc        000000
__Hifardata                                     ifardata     000000
__Hinit                                         init         000004
__Hintcode                                      intcode      000000
__Hintcode_body                                 intcode_body 000000
__Hintcodelo                                    intcodelo    000000
__Hintentry                                     intentry     000000
__Hintret                                       intret       000000
__Hintsave_regs                                 intsave_regs 000000
__Hirdata                                       irdata       000000
__Hmediumconst                                  mediumconst  000000
__HnvCOMRAM                                     nvCOMRAM     000000
__HnvFARRAM                                     nvFARRAM     000000
__Hnvbit                                        nvbit        000000
__Hnvrram                                       nvrram       000000
__Hparam                                        rparam       000000
__Hpowerup                                      powerup      000000
__Hram                                          ram          000000
__Hramtop                                       ramtop       000F00
__Hrbit                                         rbit         000000
__Hrbss                                         rbss         000000
__Hrdata                                        rdata        000000
__Hreset_vec                                    reset_vec    000000
__Hrparam                                       rparam       000000
__Hsfr                                          sfr          000000
__Hsmallconst                                   smallconst   000F02
__Hspace_0                                      (abs)        001220
__Hspace_1                                      (abs)        00002F
__Hspace_2                                      (abs)        000000
__Hspace_4                                      (abs)        60000C
__Hstack                                        stack        000000
__Hstruct                                       struct       000000
__Htemp                                         temp         000000
__Htext                                         text         000000
__Htext0                                        text0        000000
__Htext1                                        text1        000000
__Htext10                                       text10       000000
__Htext11                                       text11       000000
__Htext12                                       text12       000000
__Htext13                                       text13       000000
__Htext2                                        text2        000000
__Htext3                                        text3        000000
__Htext4                                        text4        000000
__Htext5                                        text5        000000
__Htext6                                        text6        000000
__Htext7                                        text7        000000
__Htext8                                        text8        000000
__Htext9                                        text9        000000
__LRAM                                          (abs)        000001
__L__absolute__                                 __absolute__ 000000
__Labs1                                         abs1         000000
__Lbank0                                        bank0        000000
__Lbank1                                        bank1        000000
__Lbank10                                       bank10       000000
__Lbank11                                       bank11       000000
__Lbank12                                       bank12       000000
__Lbank14                                       bank14       000000
__Lbank2                                        bank2        000000
__Lbank3                                        bank3        000000
__Lbank4                                        bank4        000000
__Lbank5                                        bank5        000000
__Lbank6                                        bank6        000000
__Lbank7                                        bank7        000000
__Lbank8                                        bank8        000000
__Lbank9                                        bank9        000000
__Lbigbss                                       bigbss       000000
__Lbigdata                                      bigdata      000000
__Lbigram                                       bigram       000000
__Lbigsfr                                       bigsfr       000000
__Lbss                                          bss          000000
__LbssCOMRAM                                    bssCOMRAM    000000
__Lcinit                                        cinit        000000
__Lclrtext                                      clrtext      000000
__Lcomram                                       comram       000000
__Lconfig                                       config       000000
__Lconst                                        const        000000
__LcstackCOMRAM                                 cstackCOMRAM 000000
__Ldata                                         data         000000
__LdataCOMRAM                                   dataCOMRAM   000000
__Leeprom_data                                  eeprom_data  000000
__Lfarbss                                       farbss       000000
__Lfardata                                      fardata      000000
__Lheap                                         heap         000000
__Libigdata                                     ibigdata     000000
__Lidata                                        idata        000000
__LidataCOMRAM                                  idataCOMRAM  000000
__Lidloc                                        idloc        000000
__Lifardata                                     ifardata     000000
__Linit                                         init         000000
__Lintcode                                      intcode      000000
__Lintcode_body                                 intcode_body 000000
__Lintcodelo                                    intcodelo    000000
__Lintentry                                     intentry     000000
__Lintret                                       intret       000000
__Lintsave_regs                                 intsave_regs 000000
__Lirdata                                       irdata       000000
__Lmediumconst                                  mediumconst  000000
__LnvCOMRAM                                     nvCOMRAM     000000
__LnvFARRAM                                     nvFARRAM     000000
__Lnvbit                                        nvbit        000000
__Lnvrram                                       nvrram       000000
__Lparam                                        rparam       000000
__Lpowerup                                      powerup      000000
__Lram                                          ram          000000
__Lramtop                                       ramtop       000F00
__Lrbit                                         rbit         000000
__Lrbss                                         rbss         000000
__Lrdata                                        rdata        000000
__Lreset_vec                                    reset_vec    000000
__Lrparam                                       rparam       000000
__Lsfr                                          sfr          000000
__Lsmallconst                                   smallconst   000F00
__Lspace_0                                      (abs)        000000
__Lspace_1                                      (abs)        000000
__Lspace_2                                      (abs)        000000
__Lspace_4                                      (abs)        000000
__Lstack                                        stack        000000
__Lstruct                                       struct       000000
__Ltemp                                         temp         000000
__Ltext                                         text         000000
__Ltext0                                        text0        000000
__Ltext1                                        text1        000000
__Ltext10                                       text10       000000
__Ltext11                                       text11       000000
__Ltext12                                       text12       000000
__Ltext13                                       text13       000000
__Ltext2                                        text2        000000
__Ltext3                                        text3        000000
__Ltext4                                        text4        000000
__Ltext5                                        text5        000000
__Ltext6                                        text6        000000
__Ltext7                                        text7        000000
__Ltext8                                        text8        000000
__Ltext9                                        text9        000000
__S0                                            (abs)        001220
__S1                                            (abs)        00002F
__S4                                            (abs)        000000
__S5                                            (abs)        000000
___heap_hi                                      (abs)        000000
___heap_lo                                      (abs)        000000
___inthi_sp                                     stack        000000
___inthi_stack_hi                               stack        000000
___inthi_stack_lo                               stack        000000
___intlo_sp                                     stack        000000
___intlo_stack_hi                               stack        000000
___intlo_stack_lo                               stack        000000
___param_bank                                   (abs)        000000
___rparam_used                                  (abs)        000001
___sp                                           stack        000000
___stack_hi                                     stack        000000
___stack_lo                                     stack        000000
__accesstop                                     (abs)        000060
__activetblptr                                  (abs)        000002
__end_of_EUSART2_Initialize                     text6        0010C4
__end_of_EUSART2_Read                           text13       001176
__end_of_EUSART2_SetErrorHandler                text9        001214
__end_of_EUSART2_SetFramingErrorHandler         text8        001206
__end_of_EUSART2_SetOverrunErrorHandler         text7        0011F8
__end_of_EUSART2_Write                          text12       0011C2
__end_of_EUSART2_is_rx_ready                    text11       0011D8
__end_of_EUSART2_is_tx_ready                    text10       00114C
__end_of_OSCILLATOR_Initialize                  text5        0011AA
__end_of_PIN_MANAGER_Initialize                 text4        001078
__end_of_PMD_Initialize                         text3        001192
__end_of_SYSTEM_Initialize                      text2        0011EA
__end_of__initialization                        cinit        0010EA
__end_of_main                                   text0        000FF8
__end_of_strlen                                 text1        001122
__initialization                                cinit        0010C4
__mediumconst                                   mediumconst  000000
__pbssCOMRAM                                    bssCOMRAM    00002C
__pcinit                                        cinit        0010C4
__pcstackCOMRAM                                 cstackCOMRAM 000001
__pdataCOMRAM                                   dataCOMRAM   000017
__pidataCOMRAM                                  idataCOMRAM  001214
__pnvCOMRAM                                     nvCOMRAM     000023
__psmallconst                                   smallconst   000F00
__ptext0                                        text0        000F02
__ptext1                                        text1        0010F4
__ptext10                                       text10       001122
__ptext11                                       text11       0011C2
__ptext12                                       text12       0011AA
__ptext13                                       text13       00114C
__ptext2                                        text2        0011D8
__ptext3                                        text3        001176
__ptext4                                        text4        000FF8
__ptext5                                        text5        001192
__ptext6                                        text6        001078
__ptext7                                        text7        0011EA
__ptext8                                        text8        0011F8
__ptext9                                        text9        001206
__ramtop                                        ramtop       000F00
__smallconst                                    smallconst   000F00
_eusart2RxLastError                             bssCOMRAM    00002E
_main                                           text0        000F02
_strlen                                         text1        0010F4
end_of_initialization                           cinit        0010EA
intlevel0                                       text         000000
intlevel1                                       text         000000
intlevel2                                       text         000000
intlevel3                                       text         000000
isa$std                                         (abs)        000001
isa$xinst                                       (abs)        000000
main@F13435                                     dataCOMRAM   000017
main@Null                                       cstackCOMRAM 000012
main@i                                          cstackCOMRAM 000014
main@i_317                                      cstackCOMRAM 000015
main@msg                                        cstackCOMRAM 000006
main@rxData                                     cstackCOMRAM 000016
stackhi                                         (abs)        000000
stacklo                                         (abs)        000000
start                                           init         000000
start_initialization                            cinit        0010C4
strlen@a                                        cstackCOMRAM 000003
strlen@s                                        cstackCOMRAM 000001


MODULE INFORMATION

Module		Function		Class		Link	Load	Size
/opt/microchip/xc8/v2.45/pic/sources/c99/common/strlen.c
		_strlen        		CODE           	10F4	0000	46

/opt/microchip/xc8/v2.45/pic/sources/c99/common/strlen.c estimated size: 46

mcc_generated_files/eusart2.c
		_EUSART2_Read  		CODE           	114C	0000	42
		_EUSART2_SetOverrunErrorHandler		CODE           	11EA	0000	14
		_EUSART2_SetErrorHandler		CODE           	1206	0000	14
		_EUSART2_Write 		CODE           	11AA	0000	24
		_EUSART2_is_rx_ready		CODE           	11C2	0000	22
		_EUSART2_is_tx_ready		CODE           	1122	0000	42
		_EUSART2_Initialize		CODE           	1078	0000	76
		_EUSART2_SetFramingErrorHandler		CODE           	11F8	0000	14

mcc_generated_files/eusart2.c estimated size: 248

mcc_generated_files/pin_manager.c
		_PIN_MANAGER_Initialize		CODE           	0FF8	0000	128

mcc_generated_files/pin_manager.c estimated size: 128

shared
		__initialization		CODE           	10C4	0000	38

shared estimated size: 38

mcc_generated_files/mcc.c
		_PMD_Initialize		CODE           	1176	0000	28
		_OSCILLATOR_Initialize		CODE           	1192	0000	24
		_SYSTEM_Initialize		CODE           	11D8	0000	18

mcc_generated_files/mcc.c estimated size: 70

main.c
		_main          		CODE           	0F02	0000	246

main.c estimated size: 246

