Microchip MPLAB XC8 Compiler V2.45

Linker command line:

-W-3 --edf=/opt/microchip/xc8/v2.45/pic/dat/20230818022343_en.msgs -cn \
  -h+dist/default/production/egr_314_icc_1_pena_test1.X.production.sym \
  --cmf=dist/default/production/egr_314_icc_1_pena_test1.X.production.cmf \
  -z -Q18F47Q10 -o/tmp/xcXaDNjmK/driver_tmp_3.o --defsym=__MPLAB_BUILD=1 \
  --fixupoverflow=error \
  -Mdist/default/production/egr_314_icc_1_pena_test1.X.production.map \
  --md=/tmp/xcXaDNjmK/driver_tmp_0.dat -E1 -ver=XC8 Compiler --acfsm=1493 \
  -ACODE=00h-01FFFFh -ACONST=00h-01FFFFh -ASMALLCONST=0F00h-0FFFhx497 \
  -AMEDIUMCONST=0F00h-0FFFFh,010F00h-01FFFFh -ACOMRAM=01h-05Fh \
  -AABS1=00h-0CFFh,0E00h-0E1Eh -ABIGRAM=01h-0CFFh,0E00h-0E1Eh \
  -ARAM=060h-0FFh,0100h-01FFhx12,0E00h-0E1Eh -ABANK0=060h-0FFh \
  -ABANK1=0100h-01FFh -ABANK2=0200h-02FFh -ABANK3=0300h-03FFh \
  -ABANK4=0400h-04FFh -ABANK5=0500h-05FFh -ABANK6=0600h-06FFh \
  -ABANK7=0700h-07FFh -ABANK8=0800h-08FFh -ABANK9=0900h-09FFh \
  -ABANK10=0A00h-0AFFh -ABANK11=0B00h-0BFFh -ABANK12=0C00h-0CFFh \
  -ABANK14=0E00h-0E1Eh \
  -ASFR=0D00h-0DFFh,0E1Fh-0EFFh,0F00h-0F5Fh,0F60h-0FFFh \
  -ABIGSFR=0D00h-0DFFh,0E1Fh-0FFFh -ACONFIG=0300000h-030000Bh \
  -AIDLOC=0200000h-02000FFh -AEEDATA=0310000h-03103FFh -peeprom_data=EEDATA \
  -preset_vec=00h,intcode,intcodelo,powerup,init -pramtop=0F00h \
  -psmallconst=SMALLCONST -pmediumconst=MEDIUMCONST -pconst=CONST \
  -AFARRAM=00h-00h \
  -prdata=COMRAM,nvrram=COMRAM,nvbit=COMRAM,rbss=COMRAM,rbit=COMRAM \
  -pfarbss=FARRAM,fardata=FARRAM,nvFARRAM=FARRAM \
  -pintsave_regs=BIGRAM,bigbss=BIGRAM,bigdata=BIGRAM -pbss=RAM \
  -pidata=CODE,irdata=CODE,ibigdata=CODE,ifardata=CODE -prparam=COMRAM \
  /tmp/xcXaDNjmK/driver_tmp_9.o \
  dist/default/production/egr_314_icc_1_pena_test1.X.production.o 

Object code version is 3.11

Machine type is 18F47Q10



                Name                               Link     Load   Length Selector   Space Scale
/tmp/xcXaDNjmK/driver_tmp_9.o
                config                           300000   300000        C        0       4
                init                                  0        0        4        0       0
dist/default/production/egr_314_icc_1_pena_test1.X.production.o
                config                           300000   300000        C        0       4
                smallconst                          F00      F00       3C      780       0
                text4                              107C     107C       18      79E       0
                text3                              1052     1052       2A      79E       0
                text2                              1094     1094        E      79E       0
                text1                              1024     1024       2E      79E       0
                text0                               F3C      F3C       B6      79E       0
                cstackCOMRAM                          1        1       19        1       1
                dataCOMRAM                           24       24        7        1       1
                bssCOMRAM                            1A       1A        A        1       1
                cinit                               FF2      FF2       32      79E       0
                idataCOMRAM                        10A2     10A2        7      79E       0

TOTAL           Name                               Link     Load   Length     Space
        CLASS   CODE           
                init                                  0        0        4         0
                text4                              107C     107C       18         0
                text3                              1052     1052       2A         0
                text2                              1094     1094        E         0
                text1                              1024     1024       2E         0
                text0                               F3C      F3C       B6         0
                cinit                               FF2      FF2       32         0
                idataCOMRAM                        10A2     10A2        7         0

        CLASS   CONST          

        CLASS   SMALLCONST     
                smallconst                          F00      F00       3C         0

        CLASS   MEDIUMCONST    

        CLASS   COMRAM         
                cstackCOMRAM                          1        1       19         1
                dataCOMRAM                           24       24        7         1
                bssCOMRAM                            1A       1A        A         1

        CLASS   ABS1           

        CLASS   BIGRAM         

        CLASS   RAM            

        CLASS   BANK0          

        CLASS   BANK1          

        CLASS   BANK2          

        CLASS   BANK3          

        CLASS   BANK4          

        CLASS   BANK5          

        CLASS   BANK6          

        CLASS   BANK7          

        CLASS   BANK8          

        CLASS   BANK9          

        CLASS   BANK10         

        CLASS   BANK11         

        CLASS   BANK12         

        CLASS   BANK14         

        CLASS   SFR            

        CLASS   BIGSFR         

        CLASS   CONFIG         
                config                           300000   300000        C         4

        CLASS   IDLOC          

        CLASS   EEDATA         

        CLASS   FARRAM         

        CLASS   HEAP           

        CLASS   STACK          



SEGMENTS        Name                           Load    Length   Top    Selector   Space  Class

                reset_vec                      000000  000004  000004         0       0  CODE    
                text0                          000F3C  00016D  0010A9       79E       0  CODE    
                cstackCOMRAM                   000001  00002A  00002B         1       1  COMRAM  
                smallconst                     000F00  00003C  000F3C       780       0  SMALLCON


UNUSED ADDRESS RANGES

        Name                Unused          Largest block    Delta
        BANK0            000060-0000FF               A0
        BANK1            000100-0001FF              100
        BANK10           000A00-000AFF              100
        BANK11           000B00-000BFF              100
        BANK12           000C00-000CFF              100
        BANK14           000E00-000E1E               1F
        BANK2            000200-0002FF              100
        BANK3            000300-0003FF              100
        BANK4            000400-0004FF              100
        BANK5            000500-0005FF              100
        BANK6            000600-0006FF              100
        BANK7            000700-0007FF              100
        BANK8            000800-0008FF              100
        BANK9            000900-0009FF              100
        BIGRAM           00002B-000CFF              CD5
                         000E00-000E1E               1F
        BIGSFR           000D00-000DFF              100
                         000E1F-000FFF              1E1
        CODE             000004-000EFF              EFC
                         0010A9-01FFFF            1EF57
        COMRAM           00002B-00005F               35
        CONST            000004-000EFF              EFC
                         0010A9-01FFFF            1EF57
        EEDATA           310000-3103FF              400
        IDLOC            200000-2000FF              100
        MEDIUMCONST      0010A9-00FFFF             EF57
                         010F00-01FFFF             F100
        RAM              000060-000CFF              100
                         000E00-000E1E               1F
        SFR              000D00-000DFF              100
                         000E1F-000FFF               E1
        SMALLCONST       0010A9-01FFFF              100

                                  Symbol Table

?_getch                             cstackCOMRAM 000001
?_strlen                            cstackCOMRAM 000001
EUSART2_Write@txData                cstackCOMRAM 000001
_ANSELA                             (abs)        000F0C
_ANSELB                             (abs)        000F14
_ANSELC                             (abs)        000F1C
_ANSELD                             (abs)        000F21
_ANSELE                             (abs)        000F29
_BAUD2CON                           (abs)        000E9A
_EUSART2_DefaultErrorHandler        (abs)        000000
_EUSART2_DefaultFramingErrorHandler (abs)        000000
_EUSART2_DefaultOverrunErrorHandler (abs)        000000
_EUSART2_ErrorHandler               bssCOMRAM    00001A
_EUSART2_FramingErrorHandler        bssCOMRAM    000020
_EUSART2_OverrunErrorHandler        bssCOMRAM    00001D
_EUSART2_Read                       text3        001052
_EUSART2_Write                      text4        00107C
_INLVLA                             (abs)        000F08
_INLVLB                             (abs)        000F10
_INLVLC                             (abs)        000F18
_INLVLD                             (abs)        000F1D
_INLVLE                             (abs)        000F25
_LATA                               (abs)        000F82
_LATB                               (abs)        000F83
_LATC                               (abs)        000F84
_LATD                               (abs)        000F85
_LATE                               (abs)        000F86
_LATEbits                           (abs)        000F86
_ODCONA                             (abs)        000F0A
_ODCONB                             (abs)        000F12
_ODCONC                             (abs)        000F1A
_ODCOND                             (abs)        000F1F
_ODCONE                             (abs)        000F27
_OSCCON1                            (abs)        000ED3
_OSCCON3                            (abs)        000ED5
_OSCEN                              (abs)        000ED7
_OSCFRQ                             (abs)        000ED9
_OSCTUNE                            (abs)        000ED8
_PIR3bits                           (abs)        000EC8
_PMD0                               (abs)        000EDC
_PMD1                               (abs)        000EDD
_PMD2                               (abs)        000EDE
_PMD3                               (abs)        000EDF
_PMD4                               (abs)        000EE0
_PMD5                               (abs)        000EE1
_RC2REG                             (abs)        000E94
_RC2STA                             (abs)        000E98
_RC2STAbits                         (abs)        000E98
_RD0PPS                             (abs)        000EFA
_RX2PPS                             (abs)        000E88
_SLRCONA                            (abs)        000F09
_SLRCONB                            (abs)        000F11
_SLRCONC                            (abs)        000F19
_SLRCOND                            (abs)        000F1E
_SLRCONE                            (abs)        000F26
_SP2BRGH                            (abs)        000E97
_SP2BRGL                            (abs)        000E96
_TRISA                              (abs)        000F87
_TRISB                              (abs)        000F88
_TRISC                              (abs)        000F89
_TRISD                              (abs)        000F8A
_TRISE                              (abs)        000F8B
_TX2REG                             (abs)        000E95
_TX2STA                             (abs)        000E99
_TX2STAbits                         (abs)        000E99
_WPUA                               (abs)        000F0B
_WPUB                               (abs)        000F13
_WPUC                               (abs)        000F1B
_WPUD                               (abs)        000F20
_WPUE                               (abs)        000F28
__HRAM                              (abs)        000000
__H__absolute__                     __absolute__ 000000
__Habs1                             abs1         000000
__Hbank0                            bank0        000000
__Hbank1                            bank1        000000
__Hbank10                           bank10       000000
__Hbank11                           bank11       000000
__Hbank12                           bank12       000000
__Hbank14                           bank14       000000
__Hbank2                            bank2        000000
__Hbank3                            bank3        000000
__Hbank4                            bank4        000000
__Hbank5                            bank5        000000
__Hbank6                            bank6        000000
__Hbank7                            bank7        000000
__Hbank8                            bank8        000000
__Hbank9                            bank9        000000
__Hbigbss                           bigbss       000000
__Hbigdata                          bigdata      000000
__Hbigram                           bigram       000000
__Hbigsfr                           bigsfr       000000
__Hbss                              bss          000000
__HbssCOMRAM                        bssCOMRAM    000000
__Hcinit                            cinit        000000
__Hclrtext                          clrtext      000000
__Hcomram                           comram       000000
__Hconfig                           config       30000C
__Hconst                            const        000000
__HcstackCOMRAM                     cstackCOMRAM 000000
__Hdata                             data         000000
__HdataCOMRAM                       dataCOMRAM   000000
__Heeprom_data                      eeprom_data  000000
__Hfarbss                           farbss       000000
__Hfardata                          fardata      000000
__Hheap                             heap         000000
__Hibigdata                         ibigdata     000000
__Hidata                            idata        000000
__HidataCOMRAM                      idataCOMRAM  000000
__Hidloc                            idloc        000000
__Hifardata                         ifardata     000000
__Hinit                             init         000004
__Hintcode                          intcode      000000
__Hintcode_body                     intcode_body 000000
__Hintcodelo                        intcodelo    000000
__Hintentry                         intentry     000000
__Hintret                           intret       000000
__Hintsave_regs                     intsave_regs 000000
__Hirdata                           irdata       000000
__Hmediumconst                      mediumconst  000000
__HnvFARRAM                         nvFARRAM     000000
__Hnvbit                            nvbit        000000
__Hnvrram                           nvrram       000000
__Hparam                            rparam       000000
__Hpowerup                          powerup      000000
__Hram                              ram          000000
__Hramtop                           ramtop       000F00
__Hrbit                             rbit         000000
__Hrbss                             rbss         000000
__Hrdata                            rdata        000000
__Hreset_vec                        reset_vec    000000
__Hrparam                           rparam       000000
__Hsfr                              sfr          000000
__Hsmallconst                       smallconst   000F3C
__Hspace_0                          (abs)        0010A9
__Hspace_1                          (abs)        00002B
__Hspace_2                          (abs)        000000
__Hspace_4                          (abs)        60000C
__Hstack                            stack        000000
__Hstruct                           struct       000000
__Htemp                             temp         000000
__Htext                             text         000000
__Htext0                            text0        000000
__Htext1                            text1        000000
__Htext2                            text2        000000
__Htext3                            text3        000000
__Htext4                            text4        000000
__LRAM                              (abs)        000001
__L__absolute__                     __absolute__ 000000
__Labs1                             abs1         000000
__Lbank0                            bank0        000000
__Lbank1                            bank1        000000
__Lbank10                           bank10       000000
__Lbank11                           bank11       000000
__Lbank12                           bank12       000000
__Lbank14                           bank14       000000
__Lbank2                            bank2        000000
__Lbank3                            bank3        000000
__Lbank4                            bank4        000000
__Lbank5                            bank5        000000
__Lbank6                            bank6        000000
__Lbank7                            bank7        000000
__Lbank8                            bank8        000000
__Lbank9                            bank9        000000
__Lbigbss                           bigbss       000000
__Lbigdata                          bigdata      000000
__Lbigram                           bigram       000000
__Lbigsfr                           bigsfr       000000
__Lbss                              bss          000000
__LbssCOMRAM                        bssCOMRAM    000000
__Lcinit                            cinit        000000
__Lclrtext                          clrtext      000000
__Lcomram                           comram       000000
__Lconfig                           config       000000
__Lconst                            const        000000
__LcstackCOMRAM                     cstackCOMRAM 000000
__Ldata                             data         000000
__LdataCOMRAM                       dataCOMRAM   000000
__Leeprom_data                      eeprom_data  000000
__Lfarbss                           farbss       000000
__Lfardata                          fardata      000000
__Lheap                             heap         000000
__Libigdata                         ibigdata     000000
__Lidata                            idata        000000
__LidataCOMRAM                      idataCOMRAM  000000
__Lidloc                            idloc        000000
__Lifardata                         ifardata     000000
__Linit                             init         000000
__Lintcode                          intcode      000000
__Lintcode_body                     intcode_body 000000
__Lintcodelo                        intcodelo    000000
__Lintentry                         intentry     000000
__Lintret                           intret       000000
__Lintsave_regs                     intsave_regs 000000
__Lirdata                           irdata       000000
__Lmediumconst                      mediumconst  000000
__LnvFARRAM                         nvFARRAM     000000
__Lnvbit                            nvbit        000000
__Lnvrram                           nvrram       000000
__Lparam                            rparam       000000
__Lpowerup                          powerup      000000
__Lram                              ram          000000
__Lramtop                           ramtop       000F00
__Lrbit                             rbit         000000
__Lrbss                             rbss         000000
__Lrdata                            rdata        000000
__Lreset_vec                        reset_vec    000000
__Lrparam                           rparam       000000
__Lsfr                              sfr          000000
__Lsmallconst                       smallconst   000F00
__Lspace_0                          (abs)        000000
__Lspace_1                          (abs)        000000
__Lspace_2                          (abs)        000000
__Lspace_4                          (abs)        000000
__Lstack                            stack        000000
__Lstruct                           struct       000000
__Ltemp                             temp         000000
__Ltext                             text         000000
__Ltext0                            text0        000000
__Ltext1                            text1        000000
__Ltext2                            text2        000000
__Ltext3                            text3        000000
__Ltext4                            text4        000000
__S0                                (abs)        0010A9
__S1                                (abs)        00002B
__S4                                (abs)        000000
__S5                                (abs)        000000
___heap_hi                          (abs)        000000
___heap_lo                          (abs)        000000
___inthi_sp                         stack        000000
___inthi_stack_hi                   stack        000000
___inthi_stack_lo                   stack        000000
___intlo_sp                         stack        000000
___intlo_stack_hi                   stack        000000
___intlo_stack_lo                   stack        000000
___param_bank                       (abs)        000000
___rparam_used                      (abs)        000001
___sp                               stack        000000
___stack_hi                         stack        000000
___stack_lo                         stack        000000
__accesstop                         (abs)        000060
__activetblptr                      (abs)        000003
__end_of_EUSART2_Read               text3        00107C
__end_of_EUSART2_Write              text4        001094
__end_of__initialization            cinit        00101E
__end_of_getch                      text2        0010A2
__end_of_main                       text0        000FF2
__end_of_strlen                     text1        001052
__initialization                    cinit        000FF2
__mediumconst                       mediumconst  000000
__pbssCOMRAM                        bssCOMRAM    00001A
__pcinit                            cinit        000FF2
__pcstackCOMRAM                     cstackCOMRAM 000001
__pdataCOMRAM                       dataCOMRAM   000024
__pidataCOMRAM                      idataCOMRAM  0010A2
__psmallconst                       smallconst   000F00
__ptext0                            text0        000F3C
__ptext1                            text1        001024
__ptext2                            text2        001094
__ptext3                            text3        001052
__ptext4                            text4        00107C
__ramtop                            ramtop       000F00
__smallconst                        smallconst   000F00
_eusart2RxLastError                 bssCOMRAM    000023
_getch                              text2        001094
_main                               text0        000F3C
_strlen                             text1        001024
end_of_initialization               cinit        00101E
intlevel0                           text         000000
intlevel1                           text         000000
intlevel2                           text         000000
intlevel3                           text         000000
isa$std                             (abs)        000001
isa$xinst                           (abs)        000000
main@F13439                         dataCOMRAM   000024
main@c                              cstackCOMRAM 000018
main@command                        cstackCOMRAM 000006
main@i                              cstackCOMRAM 000017
main@index                          cstackCOMRAM 000019
main@msg                            cstackCOMRAM 000010
stackhi                             (abs)        000000
stacklo                             (abs)        000000
start                               init         000000
start_initialization                cinit        000FF2
strlen@a                            cstackCOMRAM 000003
strlen@s                            cstackCOMRAM 000001


MODULE INFORMATION

Module		Function		Class		Link	Load	Size
/opt/microchip/xc8/v2.45/pic/sources/c99/common/strlen.c
		_strlen        		CODE           	1024	0000	46

/opt/microchip/xc8/v2.45/pic/sources/c99/common/strlen.c estimated size: 46

mcc_generated_files/eusart2.c
		_EUSART2_Read  		CODE           	1052	0000	42
		_EUSART2_Write 		CODE           	107C	0000	24
		_getch         		CODE           	1094	0000	14

mcc_generated_files/eusart2.c estimated size: 80

shared
		__initialization		CODE           	0FF2	0000	44

shared estimated size: 44

main.c
		_main          		CODE           	0F3C	0000	182

main.c estimated size: 182

