Microchip MPLAB XC8 Compiler V2.45

Linker command line:

-W-3 --edf=/opt/microchip/xc8/v2.45/pic/dat/20230818022343_en.msgs -cn \
  -h+dist/default/production/egr_314_analog_io_pena.X.production.sym \
  --cmf=dist/default/production/egr_314_analog_io_pena.X.production.cmf -z \
  -Q18F47Q10 -o/tmp/xcXnpLDEG/driver_tmp_3.o --defsym=__MPLAB_BUILD=1 \
  --fixupoverflow=error \
  -Mdist/default/production/egr_314_analog_io_pena.X.production.map \
  --md=/tmp/xcXnpLDEG/driver_tmp_0.dat -E1 -ver=XC8 Compiler --acfsm=1493 \
  -ACODE=00h-01FFFFh -ACONST=00h-01FFFFh -ASMALLCONST=0F00h-0FFFhx497 \
  -AMEDIUMCONST=0F00h-0FFFFh,010F00h-01FFFFh -ACOMRAM=01h-05Fh \
  -AABS1=00h-0CFFh,0E00h-0E1Eh -ABIGRAM=01h-0CFFh,0E00h-0E1Eh \
  -ARAM=060h-0FFh,0100h-01FFhx12,0E00h-0E1Eh -ABANK0=060h-0FFh \
  -ABANK1=0100h-01FFh -ABANK2=0200h-02FFh -ABANK3=0300h-03FFh \
  -ABANK4=0400h-04FFh -ABANK5=0500h-05FFh -ABANK6=0600h-06FFh \
  -ABANK7=0700h-07FFh -ABANK8=0800h-08FFh -ABANK9=0900h-09FFh \
  -ABANK10=0A00h-0AFFh -ABANK11=0B00h-0BFFh -ABANK12=0C00h-0CFFh \
  -ABANK14=0E00h-0E1Eh \
  -ASFR=0D00h-0DFFh,0E1Fh-0EFFh,0F00h-0F5Fh,0F60h-0FFFh \
  -ABIGSFR=0D00h-0DFFh,0E1Fh-0FFFh -ACONFIG=0300000h-030000Bh \
  -AIDLOC=0200000h-02000FFh -AEEDATA=0310000h-03103FFh -peeprom_data=EEDATA \
  -preset_vec=00h,intcode,intcodelo,powerup,init -pramtop=0F00h \
  -psmallconst=SMALLCONST -pmediumconst=MEDIUMCONST -pconst=CONST \
  -AFARRAM=00h-00h \
  -prdata=COMRAM,nvrram=COMRAM,nvbit=COMRAM,rbss=COMRAM,rbit=COMRAM \
  -pfarbss=FARRAM,fardata=FARRAM,nvFARRAM=FARRAM \
  -pintsave_regs=BIGRAM,bigbss=BIGRAM,bigdata=BIGRAM -pbss=RAM \
  -pidata=CODE,irdata=CODE,ibigdata=CODE,ifardata=CODE -prparam=COMRAM \
  /tmp/xcXnpLDEG/driver_tmp_14.o \
  dist/default/production/egr_314_analog_io_pena.X.production.o 

Object code version is 3.11

Machine type is 18F47Q10



                Name                               Link     Load   Length Selector   Space Scale
/tmp/xcXnpLDEG/driver_tmp_14.o
                config                           300000   300000        C        0       4
                init                                  0        0        4        0       0
dist/default/production/egr_314_analog_io_pena.X.production.o
                config                           300000   300000        C        0       4
                smallconst                          F00      F00       10      780       0
                text44                             3B26     3B26        6     1D41       0
                text43                             3AC8     3AC8       16     1D41       0
                text42                             3B08     3B08        E     1D41       0
                text41                             39DE     39DE       34      788       0
                text40                             3756     3756       50      788       0
                text39                             3AFA     3AFA        E     1D41       0
                text38                             3AEC     3AEC        E     1D41       0
                text37                             3ADE     3ADE        E     1D41       0
                text36                             37A6     37A6       4E      788       0
                text35                             3A9A     3A9A       18     1D41       0
                text34                             3560     3560       8E      788       0
                text33                             3A4C     3A4C       1C      788       0
                text32                             3AB2     3AB2       16     1D41       0
                text31                             3A30     3A30       1C      788       0
                text30                             3A12     3A12       1E      788       0
                text29                             3B2C     3B2C        4     1D41       0
                text28                             3B20     3B20        6     1D41       0
                text27                             2DCC     2DCC      1B4      788       0
                text26                             3288     3288       C4      788       0
                text25                             3406     3406       B0      788       0
                text24                             39AA     39AA       34      788       0
                text23                             21E2     21E2      39A      788       0
                text22                             34B6     34B6       AA      788       0
                text21                             3086     3086      104      788       0
                text20                             1DB8     1DB8      42A      788       0
                text19                             393C     393C       38      788       0
                text18                             18F8     18F8      4C0      788       0
                text17                             37F4     37F4       46      788       0
                text16                             2F80     2F80      106      788       0
                text15                             318A     318A       FE      788       0
                text14                             2BBA     2BBA      212      788       0
                text13                             36B0     36B0       56      788       0
                text12                             3706     3706       50      788       0
                text11                             3A82     3A82       18     1D41       0
                text10                             3B16     3B16        A     1D41       0
                text9                              334C     334C       BA      788       0
                text8                              38BE     38BE       40      788       0
                text7                              35EE     35EE       66      788       0
                text6                              38FE     38FE       3E      788       0
                text5                               F10      F10      9E8      788       0
                text4                              257C     257C      34C      788       0
                text3                              383A     383A       44      788       0
                text2                              387E     387E       40      788       0
                text1                              3974     3974       36      788       0
                text0                              28C8     28C8      2F2      788       0
                cstackCOMRAM                          1        1       5C        1       1
                cstackBANK0                          60       60       4A       60       1
                cstackBANK1                         150      150       4A      100       1
                dataBANK1                           19A      19A       19      100       1
                bssBANK1                            100      100       50      100       1
                dataBANK0                            B8       B8        3       60       1
                bssBANK0                             AA       AA        E       60       1
                cinit                              3654     3654       5C      788       0
                nvBANK1                             1B3      1B3        9      100       1
                idataBANK1                         3A68     3A68       19      788       0
                idataBANK0                         3B30     3B30        3     1D41       0

TOTAL           Name                               Link     Load   Length     Space
        CLASS   CODE           
                init                                  0        0        4         0
                text44                             3B26     3B26        6         0
                text43                             3AC8     3AC8       16         0
                text42                             3B08     3B08        E         0
                text41                             39DE     39DE       34         0
                text40                             3756     3756       50         0
                text39                             3AFA     3AFA        E         0
                text38                             3AEC     3AEC        E         0
                text37                             3ADE     3ADE        E         0
                text36                             37A6     37A6       4E         0
                text35                             3A9A     3A9A       18         0
                text34                             3560     3560       8E         0
                text33                             3A4C     3A4C       1C         0
                text32                             3AB2     3AB2       16         0
                text31                             3A30     3A30       1C         0
                text30                             3A12     3A12       1E         0
                text29                             3B2C     3B2C        4         0
                text28                             3B20     3B20        6         0
                text27                             2DCC     2DCC      1B4         0
                text26                             3288     3288       C4         0
                text25                             3406     3406       B0         0
                text24                             39AA     39AA       34         0
                text23                             21E2     21E2      39A         0
                text22                             34B6     34B6       AA         0
                text21                             3086     3086      104         0
                text20                             1DB8     1DB8      42A         0
                text19                             393C     393C       38         0
                text18                             18F8     18F8      4C0         0
                text17                             37F4     37F4       46         0
                text16                             2F80     2F80      106         0
                text15                             318A     318A       FE         0
                text14                             2BBA     2BBA      212         0
                text13                             36B0     36B0       56         0
                text12                             3706     3706       50         0
                text11                             3A82     3A82       18         0
                text10                             3B16     3B16        A         0
                text9                              334C     334C       BA         0
                text8                              38BE     38BE       40         0
                text7                              35EE     35EE       66         0
                text6                              38FE     38FE       3E         0
                text5                               F10      F10      9E8         0
                text4                              257C     257C      34C         0
                text3                              383A     383A       44         0
                text2                              387E     387E       40         0
                text1                              3974     3974       36         0
                text0                              28C8     28C8      2F2         0
                cinit                              3654     3654       5C         0
                idataBANK1                         3A68     3A68       19         0
                idataBANK0                         3B30     3B30        3         0

        CLASS   CONST          

        CLASS   SMALLCONST     
                smallconst                          F00      F00       10         0

        CLASS   MEDIUMCONST    

        CLASS   COMRAM         
                cstackCOMRAM                          1        1       5C         1

        CLASS   ABS1           

        CLASS   BIGRAM         

        CLASS   RAM            

        CLASS   BANK0          
                cstackBANK0                          60       60       4A         1
                dataBANK0                            B8       B8        3         1
                bssBANK0                             AA       AA        E         1

        CLASS   BANK1          
                cstackBANK1                         150      150       4A         1
                dataBANK1                           19A      19A       19         1
                bssBANK1                            100      100       50         1
                nvBANK1                             1B3      1B3        9         1

        CLASS   BANK2          

        CLASS   BANK3          

        CLASS   BANK4          

        CLASS   BANK5          

        CLASS   BANK6          

        CLASS   BANK7          

        CLASS   BANK8          

        CLASS   BANK9          

        CLASS   BANK10         

        CLASS   BANK11         

        CLASS   BANK12         

        CLASS   BANK14         

        CLASS   SFR            

        CLASS   BIGSFR         

        CLASS   CONFIG         
                config                           300000   300000        C         4

        CLASS   IDLOC          

        CLASS   EEDATA         

        CLASS   FARRAM         

        CLASS   HEAP           

        CLASS   STACK          



SEGMENTS        Name                           Load    Length   Top    Selector   Space  Class

                text5                          000F10  002B71  003A81       788       0  CODE    
                text11                         003A82  0000B1  003B33      1D41       0  CODE    
                bssBANK1                       000100  0000BC  0001BC       100       1  BANK1   
                reset_vec                      000000  000004  000004         0       0  CODE    
                smallconst                     000F00  000010  000F10       780       0  SMALLCON
                cstackCOMRAM                   000001  00005C  00005D         1       1  COMRAM  
                cstackBANK0                    000060  00005B  0000BB        60       1  BANK0   


UNUSED ADDRESS RANGES

        Name                Unused          Largest block    Delta
        BANK0            0000BB-0000FF               45
        BANK1            0001BC-0001FF               44
        BANK10           000A00-000AFF              100
        BANK11           000B00-000BFF              100
        BANK12           000C00-000CFF              100
        BANK14           000E00-000E1E               1F
        BANK2            000200-0002FF              100
        BANK3            000300-0003FF              100
        BANK4            000400-0004FF              100
        BANK5            000500-0005FF              100
        BANK6            000600-0006FF              100
        BANK7            000700-0007FF              100
        BANK8            000800-0008FF              100
        BANK9            000900-0009FF              100
        BIGRAM           00005D-00005F                3
                         0000BB-0000FF               45
                         0001BC-000CFF              B44
                         000E00-000E1E               1F
        BIGSFR           000D00-000DFF              100
                         000E1F-000FFF              1E1
        CODE             000004-000EFF              EFC
                         003A81-003A81                1
                         003B33-01FFFF            1C4CD
        COMRAM           00005D-00005F                3
        CONST            000004-000EFF              EFC
                         003A81-003A81                1
                         003B33-01FFFF            1C4CD
        EEDATA           310000-3103FF              400
        IDLOC            200000-2000FF              100
        MEDIUMCONST      003A81-003A81                1
                         003B33-00FFFF             C4CD
                         010F00-01FFFF             F100
        RAM              0000BB-0000FF               45
                         0001BC-000CFF              100
                         000E00-000E1E               1F
        SFR              000D00-000DFF              100
                         000E1F-000FFF               E1
        SMALLCONST       003A81-003A81                1
                         003B33-01FFFF              100

                                  Symbol Table

?_ADCC_GetConversionResult                      cstackCOMRAM 000001
?___awdiv                                       cstackCOMRAM 000001
?___awmod                                       cstackCOMRAM 000001
?___fladd                                       cstackCOMRAM 000001
?___fldiv                                       cstackCOMRAM 00000F
?___flmul                                       cstackCOMRAM 000028
?___flneg                                       cstackCOMRAM 000001
?___flsub                                       cstackCOMRAM 000041
?___fltol                                       cstackCOMRAM 000001
?___fpclassifyf                                 cstackCOMRAM 000001
?___xxtofl                                      cstackCOMRAM 000001
?_abs                                           cstackCOMRAM 000007
?_floorf                                        cstackCOMRAM 000028
?_labs                                          cstackCOMRAM 000001
?_sprintf                                       cstackBANK0  000096
?_strlen                                        cstackCOMRAM 000001
?_vfprintf                                      cstackBANK0  000093
ADCC_StartConversion@channel                    cstackCOMRAM 000001
EUSART2_SetErrorHandler@interruptHandler        cstackCOMRAM 000001
EUSART2_SetFramingErrorHandler@interruptHandler cstackCOMRAM 000001
EUSART2_SetOverrunErrorHandler@interruptHandler cstackCOMRAM 000001
EUSART2_Write@txData                            cstackCOMRAM 000001
PWM4_LoadDutyValue@dutyValue                    cstackCOMRAM 000001
_ADACCH                                         (abs)        000F6C
_ADACCL                                         (abs)        000F6B
_ADACQ                                          (abs)        000F57
_ADACT                                          (abs)        000F51
_ADCAP                                          (abs)        000F58
_ADCC_DisableContinuousConversion               text44       003B26
_ADCC_GetConversionResult                       text43       003AC8
_ADCC_Initialize                                text40       003756
_ADCC_StartConversion                           text42       003B08
_ADCLK                                          (abs)        000F52
_ADCNT                                          (abs)        000F62
_ADCON0                                         (abs)        000F5B
_ADCON0bits                                     (abs)        000F5B
_ADCON1                                         (abs)        000F54
_ADCON1bits                                     (abs)        000F54
_ADCON2                                         (abs)        000F55
_ADCON2bits                                     (abs)        000F55
_ADCON3                                         (abs)        000F56
_ADCON3bits                                     (abs)        000F56
_ADERRH                                         (abs)        000F6A
_ADERRL                                         (abs)        000F69
_ADFLTRH                                        (abs)        000F6E
_ADFLTRL                                        (abs)        000F6D
_ADLTHH                                         (abs)        000F66
_ADLTHL                                         (abs)        000F65
_ADPCH                                          (abs)        000F5A
_ADPRE                                          (abs)        000F59
_ADPREVH                                        (abs)        000F5D
_ADPREVL                                        (abs)        000F5C
_ADREF                                          (abs)        000F53
_ADRESH                                         (abs)        000F5F
_ADRESL                                         (abs)        000F5E
_ADRPT                                          (abs)        000F61
_ADSTAT                                         (abs)        000F60
_ADSTATbits                                     (abs)        000F60
_ADSTPTH                                        (abs)        000F64
_ADSTPTL                                        (abs)        000F63
_ADUTHH                                         (abs)        000F68
_ADUTHL                                         (abs)        000F67
_ANSELA                                         (abs)        000F0C
_ANSELB                                         (abs)        000F14
_ANSELC                                         (abs)        000F1C
_ANSELD                                         (abs)        000F21
_ANSELE                                         (abs)        000F29
_BAUD2CON                                       (abs)        000E9A
_CCPTMRSbits                                    (abs)        000FAD
_EUSART2_DefaultErrorHandler                    (abs)        000000
_EUSART2_DefaultFramingErrorHandler             (abs)        000000
_EUSART2_DefaultOverrunErrorHandler             (abs)        000000
_EUSART2_ErrorHandler                           nvBANK1      0001B3
_EUSART2_FramingErrorHandler                    nvBANK1      0001B9
_EUSART2_Initialize                             text36       0037A6
_EUSART2_OverrunErrorHandler                    nvBANK1      0001B6
_EUSART2_SetErrorHandler                        text39       003AFA
_EUSART2_SetFramingErrorHandler                 text38       003AEC
_EUSART2_SetOverrunErrorHandler                 text37       003ADE
_EUSART2_Write                                  text11       003A82
_INLVLA                                         (abs)        000F08
_INLVLB                                         (abs)        000F10
_INLVLC                                         (abs)        000F18
_INLVLD                                         (abs)        000F1D
_INLVLE                                         (abs)        000F25
_LATA                                           (abs)        000F82
_LATB                                           (abs)        000F83
_LATC                                           (abs)        000F84
_LATD                                           (abs)        000F85
_LATE                                           (abs)        000F86
_ODCONA                                         (abs)        000F0A
_ODCONB                                         (abs)        000F12
_ODCONC                                         (abs)        000F1A
_ODCOND                                         (abs)        000F1F
_ODCONE                                         (abs)        000F27
_OSCCON1                                        (abs)        000ED3
_OSCCON3                                        (abs)        000ED5
_OSCEN                                          (abs)        000ED7
_OSCFRQ                                         (abs)        000ED9
_OSCILLATOR_Initialize                          text35       003A9A
_OSCTUNE                                        (abs)        000ED8
_PIN_MANAGER_Initialize                         text34       003560
_PIR3bits                                       (abs)        000EC8
_PIR4bits                                       (abs)        000EC9
_PMD0                                           (abs)        000EDC
_PMD1                                           (abs)        000EDD
_PMD2                                           (abs)        000EDE
_PMD3                                           (abs)        000EDF
_PMD4                                           (abs)        000EE0
_PMD5                                           (abs)        000EE1
_PMD_Initialize                                 text33       003A4C
_PR2                                            (abs)        000FBB
_PWM4CON                                        (abs)        000FA1
_PWM4DCH                                        (abs)        000FA0
_PWM4DCL                                        (abs)        000F9F
_PWM4_Initialize                                text32       003AB2
_PWM4_LoadDutyValue                             text41       0039DE
_RA4PPS                                         (abs)        000EE6
_RB6PPS                                         (abs)        000EF0
_RC2REG                                         (abs)        000E94
_RC2STA                                         (abs)        000E98
_RC2STAbits                                     (abs)        000E98
_RD0PPS                                         (abs)        000EFA
_RX2PPS                                         (abs)        000E88
_SLRCONA                                        (abs)        000F09
_SLRCONB                                        (abs)        000F11
_SLRCONC                                        (abs)        000F19
_SLRCOND                                        (abs)        000F1E
_SLRCONE                                        (abs)        000F26
_SP2BRGH                                        (abs)        000E97
_SP2BRGL                                        (abs)        000E96
_SYSTEM_Initialize                              text30       003A12
_T2CLKCON                                       (abs)        000FBE
_T2CON                                          (abs)        000FBC
_T2CONbits                                      (abs)        000FBC
_T2HLT                                          (abs)        000FBD
_T2HLTbits                                      (abs)        000FBD
_T2PR                                           (abs)        000FBB
_T2RST                                          (abs)        000FBF
_T2RSTbits                                      (abs)        000FBF
_T2TMR                                          (abs)        000FBA
_TMR2                                           (abs)        000FBA
_TMR2_Initialize                                text31       003A30
_TMR2_Start                                     text29       003B2C
_TMR2_StartTimer                                text28       003B20
_TRISA                                          (abs)        000F87
_TRISB                                          (abs)        000F88
_TRISC                                          (abs)        000F89
_TRISD                                          (abs)        000F8A
_TRISE                                          (abs)        000F8B
_TX2REG                                         (abs)        000E95
_TX2STA                                         (abs)        000E99
_TX2STAbits                                     (abs)        000E99
_WPUA                                           (abs)        000F0B
_WPUB                                           (abs)        000F13
_WPUC                                           (abs)        000F1B
_WPUD                                           (abs)        000F20
_WPUE                                           (abs)        000F28
__HRAM                                          (abs)        000000
__H__absolute__                                 __absolute__ 000000
__Habs1                                         abs1         000000
__Hbank0                                        bank0        000000
__Hbank1                                        bank1        000000
__Hbank10                                       bank10       000000
__Hbank11                                       bank11       000000
__Hbank12                                       bank12       000000
__Hbank14                                       bank14       000000
__Hbank2                                        bank2        000000
__Hbank3                                        bank3        000000
__Hbank4                                        bank4        000000
__Hbank5                                        bank5        000000
__Hbank6                                        bank6        000000
__Hbank7                                        bank7        000000
__Hbank8                                        bank8        000000
__Hbank9                                        bank9        000000
__Hbigbss                                       bigbss       000000
__Hbigdata                                      bigdata      000000
__Hbigram                                       bigram       000000
__Hbigsfr                                       bigsfr       000000
__Hbss                                          bss          000000
__HbssBANK0                                     bssBANK0     000000
__HbssBANK1                                     bssBANK1     000000
__Hcinit                                        cinit        000000
__Hclrtext                                      clrtext      000000
__Hcomram                                       comram       000000
__Hconfig                                       config       30000C
__Hconst                                        const        000000
__HcstackBANK0                                  cstackBANK0  000000
__HcstackBANK1                                  cstackBANK1  000000
__HcstackCOMRAM                                 cstackCOMRAM 000000
__Hdata                                         data         000000
__HdataBANK0                                    dataBANK0    000000
__HdataBANK1                                    dataBANK1    000000
__Heeprom_data                                  eeprom_data  000000
__Hfarbss                                       farbss       000000
__Hfardata                                      fardata      000000
__Hheap                                         heap         000000
__Hibigdata                                     ibigdata     000000
__Hidata                                        idata        000000
__HidataBANK0                                   idataBANK0   000000
__HidataBANK1                                   idataBANK1   000000
__Hidloc                                        idloc        000000
__Hifardata                                     ifardata     000000
__Hinit                                         init         000004
__Hintcode                                      intcode      000000
__Hintcode_body                                 intcode_body 000000
__Hintcodelo                                    intcodelo    000000
__Hintentry                                     intentry     000000
__Hintret                                       intret       000000
__Hintsave_regs                                 intsave_regs 000000
__Hirdata                                       irdata       000000
__Hmediumconst                                  mediumconst  000000
__HnvBANK1                                      nvBANK1      000000
__HnvFARRAM                                     nvFARRAM     000000
__Hnvbit                                        nvbit        000000
__Hnvrram                                       nvrram       000000
__Hparam                                        rparam       000000
__Hpowerup                                      powerup      000000
__Hram                                          ram          000000
__Hramtop                                       ramtop       000F00
__Hrbit                                         rbit         000000
__Hrbss                                         rbss         000000
__Hrdata                                        rdata        000000
__Hreset_vec                                    reset_vec    000000
__Hrparam                                       rparam       000000
__Hsfr                                          sfr          000000
__Hsmallconst                                   smallconst   000F10
__Hspace_0                                      (abs)        003B33
__Hspace_1                                      (abs)        0001BC
__Hspace_2                                      (abs)        000000
__Hspace_4                                      (abs)        60000C
__Hstack                                        stack        000000
__Hstruct                                       struct       000000
__Htemp                                         temp         000000
__Htext                                         text         000000
__Htext0                                        text0        000000
__Htext1                                        text1        000000
__Htext10                                       text10       000000
__Htext11                                       text11       000000
__Htext12                                       text12       000000
__Htext13                                       text13       000000
__Htext14                                       text14       000000
__Htext15                                       text15       000000
__Htext16                                       text16       000000
__Htext17                                       text17       000000
__Htext18                                       text18       000000
__Htext19                                       text19       000000
__Htext2                                        text2        000000
__Htext20                                       text20       000000
__Htext21                                       text21       000000
__Htext22                                       text22       000000
__Htext23                                       text23       000000
__Htext24                                       text24       000000
__Htext25                                       text25       000000
__Htext26                                       text26       000000
__Htext27                                       text27       000000
__Htext28                                       text28       000000
__Htext29                                       text29       000000
__Htext3                                        text3        000000
__Htext30                                       text30       000000
__Htext31                                       text31       000000
__Htext32                                       text32       000000
__Htext33                                       text33       000000
__Htext34                                       text34       000000
__Htext35                                       text35       000000
__Htext36                                       text36       000000
__Htext37                                       text37       000000
__Htext38                                       text38       000000
__Htext39                                       text39       000000
__Htext4                                        text4        000000
__Htext40                                       text40       000000
__Htext41                                       text41       000000
__Htext42                                       text42       000000
__Htext43                                       text43       000000
__Htext44                                       text44       000000
__Htext5                                        text5        000000
__Htext6                                        text6        000000
__Htext7                                        text7        000000
__Htext8                                        text8        000000
__Htext9                                        text9        000000
__LRAM                                          (abs)        000001
__L__absolute__                                 __absolute__ 000000
__Labs1                                         abs1         000000
__Lbank0                                        bank0        000000
__Lbank1                                        bank1        000000
__Lbank10                                       bank10       000000
__Lbank11                                       bank11       000000
__Lbank12                                       bank12       000000
__Lbank14                                       bank14       000000
__Lbank2                                        bank2        000000
__Lbank3                                        bank3        000000
__Lbank4                                        bank4        000000
__Lbank5                                        bank5        000000
__Lbank6                                        bank6        000000
__Lbank7                                        bank7        000000
__Lbank8                                        bank8        000000
__Lbank9                                        bank9        000000
__Lbigbss                                       bigbss       000000
__Lbigdata                                      bigdata      000000
__Lbigram                                       bigram       000000
__Lbigsfr                                       bigsfr       000000
__Lbss                                          bss          000000
__LbssBANK0                                     bssBANK0     000000
__LbssBANK1                                     bssBANK1     000000
__Lcinit                                        cinit        000000
__Lclrtext                                      clrtext      000000
__Lcomram                                       comram       000000
__Lconfig                                       config       000000
__Lconst                                        const        000000
__LcstackBANK0                                  cstackBANK0  000000
__LcstackBANK1                                  cstackBANK1  000000
__LcstackCOMRAM                                 cstackCOMRAM 000000
__Ldata                                         data         000000
__LdataBANK0                                    dataBANK0    000000
__LdataBANK1                                    dataBANK1    000000
__Leeprom_data                                  eeprom_data  000000
__Lfarbss                                       farbss       000000
__Lfardata                                      fardata      000000
__Lheap                                         heap         000000
__Libigdata                                     ibigdata     000000
__Lidata                                        idata        000000
__LidataBANK0                                   idataBANK0   000000
__LidataBANK1                                   idataBANK1   000000
__Lidloc                                        idloc        000000
__Lifardata                                     ifardata     000000
__Linit                                         init         000000
__Lintcode                                      intcode      000000
__Lintcode_body                                 intcode_body 000000
__Lintcodelo                                    intcodelo    000000
__Lintentry                                     intentry     000000
__Lintret                                       intret       000000
__Lintsave_regs                                 intsave_regs 000000
__Lirdata                                       irdata       000000
__Lmediumconst                                  mediumconst  000000
__LnvBANK1                                      nvBANK1      000000
__LnvFARRAM                                     nvFARRAM     000000
__Lnvbit                                        nvbit        000000
__Lnvrram                                       nvrram       000000
__Lparam                                        rparam       000000
__Lpowerup                                      powerup      000000
__Lram                                          ram          000000
__Lramtop                                       ramtop       000F00
__Lrbit                                         rbit         000000
__Lrbss                                         rbss         000000
__Lrdata                                        rdata        000000
__Lreset_vec                                    reset_vec    000000
__Lrparam                                       rparam       000000
__Lsfr                                          sfr          000000
__Lsmallconst                                   smallconst   000F00
__Lspace_0                                      (abs)        000000
__Lspace_1                                      (abs)        000000
__Lspace_2                                      (abs)        000000
__Lspace_4                                      (abs)        000000
__Lstack                                        stack        000000
__Lstruct                                       struct       000000
__Ltemp                                         temp         000000
__Ltext                                         text         000000
__Ltext0                                        text0        000000
__Ltext1                                        text1        000000
__Ltext10                                       text10       000000
__Ltext11                                       text11       000000
__Ltext12                                       text12       000000
__Ltext13                                       text13       000000
__Ltext14                                       text14       000000
__Ltext15                                       text15       000000
__Ltext16                                       text16       000000
__Ltext17                                       text17       000000
__Ltext18                                       text18       000000
__Ltext19                                       text19       000000
__Ltext2                                        text2        000000
__Ltext20                                       text20       000000
__Ltext21                                       text21       000000
__Ltext22                                       text22       000000
__Ltext23                                       text23       000000
__Ltext24                                       text24       000000
__Ltext25                                       text25       000000
__Ltext26                                       text26       000000
__Ltext27                                       text27       000000
__Ltext28                                       text28       000000
__Ltext29                                       text29       000000
__Ltext3                                        text3        000000
__Ltext30                                       text30       000000
__Ltext31                                       text31       000000
__Ltext32                                       text32       000000
__Ltext33                                       text33       000000
__Ltext34                                       text34       000000
__Ltext35                                       text35       000000
__Ltext36                                       text36       000000
__Ltext37                                       text37       000000
__Ltext38                                       text38       000000
__Ltext39                                       text39       000000
__Ltext4                                        text4        000000
__Ltext40                                       text40       000000
__Ltext41                                       text41       000000
__Ltext42                                       text42       000000
__Ltext43                                       text43       000000
__Ltext44                                       text44       000000
__Ltext5                                        text5        000000
__Ltext6                                        text6        000000
__Ltext7                                        text7        000000
__Ltext8                                        text8        000000
__Ltext9                                        text9        000000
__S0                                            (abs)        003B33
__S1                                            (abs)        0001BC
__S4                                            (abs)        000000
__S5                                            (abs)        000000
___awdiv                                        text26       003288
___awdiv@counter                                cstackCOMRAM 000005
___awdiv@dividend                               cstackCOMRAM 000001
___awdiv@divisor                                cstackCOMRAM 000003
___awdiv@quotient                               cstackCOMRAM 000007
___awdiv@sign                                   cstackCOMRAM 000006
___awmod                                        text25       003406
___awmod@counter                                cstackCOMRAM 000005
___awmod@dividend                               cstackCOMRAM 000001
___awmod@divisor                                cstackCOMRAM 000003
___awmod@sign                                   cstackCOMRAM 000006
___fladd                                        text18       0018F8
___fladd@a                                      cstackCOMRAM 000005
___fladd@aexp                                   cstackCOMRAM 00000E
___fladd@b                                      cstackCOMRAM 000001
___fladd@bexp                                   cstackCOMRAM 00000F
___fladd@grs                                    cstackCOMRAM 000010
___fladd@signs                                  cstackCOMRAM 00000D
___fldiv                                        text23       0021E2
___fldiv@a                                      cstackCOMRAM 000013
___fldiv@aexp                                   cstackCOMRAM 000027
___fldiv@b                                      cstackCOMRAM 00000F
___fldiv@bexp                                   cstackCOMRAM 000026
___fldiv@grs                                    cstackCOMRAM 000022
___fldiv@new_exp                                cstackCOMRAM 000020
___fldiv@rem                                    cstackCOMRAM 00001B
___fldiv@sign                                   cstackCOMRAM 00001F
___fleq                                         text22       0034B6
___fleq@ff1                                     cstackCOMRAM 000001
___fleq@ff2                                     cstackCOMRAM 000005
___flge                                         text21       003086
___flge@ff1                                     cstackCOMRAM 000041
___flge@ff2                                     cstackCOMRAM 000045
___flmul                                        text20       001DB8
___flmul@a                                      cstackCOMRAM 00002C
___flmul@aexp                                   cstackCOMRAM 000035
___flmul@b                                      cstackCOMRAM 000028
___flmul@bexp                                   cstackCOMRAM 00003A
___flmul@grs                                    cstackCOMRAM 000036
___flmul@prod                                   cstackCOMRAM 00003B
___flmul@sign                                   cstackCOMRAM 000034
___flmul@temp                                   cstackCOMRAM 00003F
___flneg                                        text19       00393C
___flneg@f1                                     cstackCOMRAM 000001
___flsub                                        text17       0037F4
___flsub@a                                      cstackCOMRAM 000045
___flsub@b                                      cstackCOMRAM 000041
___fltol                                        text16       002F80
___fltol@exp1                                   cstackCOMRAM 00000A
___fltol@f1                                     cstackCOMRAM 000001
___fltol@sign1                                  cstackCOMRAM 000009
___fpclassifyf                                  text15       00318A
___fpclassifyf@F465                             bssBANK0     0000AE
___fpclassifyf@e                                cstackCOMRAM 000009
___fpclassifyf@u                                cstackCOMRAM 00000B
___fpclassifyf@x                                cstackCOMRAM 000001
___heap_hi                                      (abs)        000000
___heap_lo                                      (abs)        000000
___inthi_sp                                     stack        000000
___inthi_stack_hi                               stack        000000
___inthi_stack_lo                               stack        000000
___intlo_sp                                     stack        000000
___intlo_stack_hi                               stack        000000
___intlo_stack_lo                               stack        000000
___param_bank                                   (abs)        000000
___rparam_used                                  (abs)        000001
___sp                                           stack        000000
___stack_hi                                     stack        000000
___stack_lo                                     stack        000000
___xxtofl                                       text27       002DCC
___xxtofl@arg                                   cstackCOMRAM 00000B
___xxtofl@exp                                   cstackCOMRAM 00000A
___xxtofl@sign                                  cstackCOMRAM 000009
___xxtofl@val                                   cstackCOMRAM 000001
__accesstop                                     (abs)        000060
__activetblptr                                  (abs)        000003
__end_of_ADCC_DisableContinuousConversion       text44       003B2C
__end_of_ADCC_GetConversionResult               text43       003ADE
__end_of_ADCC_Initialize                        text40       0037A6
__end_of_ADCC_StartConversion                   text42       003B16
__end_of_EUSART2_Initialize                     text36       0037F4
__end_of_EUSART2_SetErrorHandler                text39       003B08
__end_of_EUSART2_SetFramingErrorHandler         text38       003AFA
__end_of_EUSART2_SetOverrunErrorHandler         text37       003AEC
__end_of_EUSART2_Write                          text11       003A9A
__end_of_OSCILLATOR_Initialize                  text35       003AB2
__end_of_PIN_MANAGER_Initialize                 text34       0035EE
__end_of_PMD_Initialize                         text33       003A68
__end_of_PWM4_Initialize                        text32       003AC8
__end_of_PWM4_LoadDutyValue                     text41       003A12
__end_of_SYSTEM_Initialize                      text30       003A30
__end_of_TMR2_Initialize                        text31       003A4C
__end_of_TMR2_Start                             text29       003B30
__end_of_TMR2_StartTimer                        text28       003B26
__end_of___awdiv                                text26       00334C
__end_of___awmod                                text25       0034B6
__end_of___fladd                                text18       001DB8
__end_of___fldiv                                text23       00257C
__end_of___fleq                                 text22       003560
__end_of___flge                                 text21       00318A
__end_of___flmul                                text20       0021E2
__end_of___flneg                                text19       003974
__end_of___flsub                                text17       00383A
__end_of___fltol                                text16       003086
__end_of___fpclassifyf                          text15       003288
__end_of___xxtofl                               text27       002F80
__end_of__initialization                        cinit        0036AA
__end_of_abs                                    text24       0039DE
__end_of_efgtoa                                 text5        0018F8
__end_of_floorf                                 text14       002DCC
__end_of_fputc                                  text9        003406
__end_of_fputs                                  text8        0038FE
__end_of_labs                                   text13       003706
__end_of_main                                   text0        002BBA
__end_of_memcpy                                 text12       003756
__end_of_pad                                    text7        003654
__end_of_putch                                  text10       003B20
__end_of_sprintf                                text2        0038BE
__end_of_strcpy                                 text6        00393C
__end_of_strlen                                 text1        0039AA
__end_of_vfpfcnvrt                              text4        0028C8
__end_of_vfprintf                               text3        00387E
__initialization                                cinit        003654
__mediumconst                                   mediumconst  000000
__pbssBANK0                                     bssBANK0     0000AA
__pbssBANK1                                     bssBANK1     000100
__pcinit                                        cinit        003654
__pcstackBANK0                                  cstackBANK0  000060
__pcstackBANK1                                  cstackBANK1  000150
__pcstackCOMRAM                                 cstackCOMRAM 000001
__pdataBANK0                                    dataBANK0    0000B8
__pdataBANK1                                    dataBANK1    00019A
__pidataBANK0                                   idataBANK0   003B30
__pidataBANK1                                   idataBANK1   003A68
__pnvBANK1                                      nvBANK1      0001B3
__psmallconst                                   smallconst   000F00
__ptext0                                        text0        0028C8
__ptext1                                        text1        003974
__ptext10                                       text10       003B16
__ptext11                                       text11       003A82
__ptext12                                       text12       003706
__ptext13                                       text13       0036B0
__ptext14                                       text14       002BBA
__ptext15                                       text15       00318A
__ptext16                                       text16       002F80
__ptext17                                       text17       0037F4
__ptext18                                       text18       0018F8
__ptext19                                       text19       00393C
__ptext2                                        text2        00387E
__ptext20                                       text20       001DB8
__ptext21                                       text21       003086
__ptext22                                       text22       0034B6
__ptext23                                       text23       0021E2
__ptext24                                       text24       0039AA
__ptext25                                       text25       003406
__ptext26                                       text26       003288
__ptext27                                       text27       002DCC
__ptext28                                       text28       003B20
__ptext29                                       text29       003B2C
__ptext3                                        text3        00383A
__ptext30                                       text30       003A12
__ptext31                                       text31       003A30
__ptext32                                       text32       003AB2
__ptext33                                       text33       003A4C
__ptext34                                       text34       003560
__ptext35                                       text35       003A9A
__ptext36                                       text36       0037A6
__ptext37                                       text37       003ADE
__ptext38                                       text38       003AEC
__ptext39                                       text39       003AFA
__ptext4                                        text4        00257C
__ptext40                                       text40       003756
__ptext41                                       text41       0039DE
__ptext42                                       text42       003B08
__ptext43                                       text43       003AC8
__ptext44                                       text44       003B26
__ptext5                                        text5        000F10
__ptext6                                        text6        0038FE
__ptext7                                        text7        0035EE
__ptext8                                        text8        0038BE
__ptext9                                        text9        00334C
__ramtop                                        ramtop       000F00
__smallconst                                    smallconst   000F00
_abs                                            text24       0039AA
_dbuf                                           bssBANK1     000100
_efgtoa                                         text5        000F10
_efgtoa$1472                                    cstackBANK0  000066
_eusart2RxLastError                             bssBANK0     0000B7
_flags                                          bssBANK0     0000B6
_floorf                                         text14       002BBA
_fputc                                          text9        00334C
_fputs                                          text8        0038BE
_labs                                           text13       0036B0
_main                                           text0        0028C8
_memcpy                                         text12       003706
_pad                                            text7        0035EE
_prec                                           bssBANK0     0000B4
_putch                                          text10       003B16
_sprintf                                        text2        00387E
_strcpy                                         text6        0038FE
_strlen                                         text1        003974
_vfpfcnvrt                                      text4        00257C
_vfprintf                                       text3        00383A
_width                                          bssBANK0     0000B2
abs@a                                           cstackCOMRAM 000007
efgtoa@c                                        cstackCOMRAM 000052
efgtoa@d                                        cstackBANK0  00006B
efgtoa@e                                        cstackBANK0  00006F
efgtoa@f                                        cstackCOMRAM 00004E
efgtoa@fp                                       cstackCOMRAM 00004D
efgtoa@g                                        cstackBANK0  000082
efgtoa@h                                        cstackBANK0  000079
efgtoa@i                                        cstackBANK0  000077
efgtoa@l                                        cstackBANK0  00007D
efgtoa@m                                        cstackBANK0  00006D
efgtoa@mode                                     cstackBANK0  000069
efgtoa@n                                        cstackBANK0  000086
efgtoa@ne                                       cstackBANK0  000060
efgtoa@nmode                                    cstackBANK0  00006A
efgtoa@ou                                       cstackBANK0  000073
efgtoa@p                                        cstackBANK0  000062
efgtoa@pp                                       cstackBANK0  000068
efgtoa@sign                                     cstackBANK0  000081
efgtoa@t                                        cstackBANK0  000064
efgtoa@u                                        cstackBANK0  000088
efgtoa@w                                        cstackBANK0  000071
end_of_initialization                           cinit        0036AA
floorf@F521                                     bssBANK0     0000AA
floorf@e                                        cstackCOMRAM 000036
floorf@m                                        cstackCOMRAM 000032
floorf@u                                        cstackCOMRAM 000038
floorf@x                                        cstackCOMRAM 000028
fputc@c                                         cstackCOMRAM 000003
fputc@fp                                        cstackCOMRAM 000005
fputs@c                                         cstackCOMRAM 00000E
fputs@fp                                        cstackCOMRAM 00000D
fputs@i                                         cstackCOMRAM 00000F
fputs@s                                         cstackCOMRAM 00000B
intlevel0                                       text         000000
intlevel1                                       text         000000
intlevel2                                       text         000000
intlevel3                                       text         000000
isa$std                                         (abs)        000001
isa$xinst                                       (abs)        000000
labs@a                                          cstackCOMRAM 000001
main@F13546                                     dataBANK1    0001A8
main@F13548                                     dataBANK0    0000B8
main@F13551                                     dataBANK1    00019A
main@F13553                                     dataBANK1    0001AE
main@adc_val                                    cstackBANK1  000198
main@adc_val_end_msg                            cstackBANK1  000189
main@adc_val_rxData                             cstackBANK1  00015E
main@adc_val_start_msg                          cstackBANK1  00017E
main@adc_volt                                   cstackBANK1  00018C
main@adc_volt_end_msg                           cstackBANK1  000184
main@adc_volt_rxData                            cstackBANK1  00016E
main@adc_volt_start_msg                         cstackBANK1  000150
main@i                                          cstackBANK1  000192
main@i_362                                      cstackBANK1  000193
main@i_363                                      cstackBANK1  000194
main@i_364                                      cstackBANK1  000195
main@i_365                                      cstackBANK1  000196
main@i_366                                      cstackBANK1  000197
main@pwm_write_data                             cstackBANK1  000190
memcpy@d                                        cstackCOMRAM 000008
memcpy@d1                                       cstackCOMRAM 000001
memcpy@n                                        cstackCOMRAM 000005
memcpy@s                                        cstackCOMRAM 00000A
memcpy@s1                                       cstackCOMRAM 000003
memcpy@tmp                                      cstackCOMRAM 000007
pad@buf                                         cstackCOMRAM 000012
pad@fp                                          cstackCOMRAM 000011
pad@i                                           cstackCOMRAM 000017
pad@p                                           cstackCOMRAM 000014
putch@txData                                    cstackCOMRAM 000002
sprintf@ap                                      cstackBANK0  00009D
sprintf@f                                       cstackBANK0  00009E
sprintf@fmt                                     cstackBANK0  000098
sprintf@s                                       cstackBANK0  000096
stackhi                                         (abs)        000000
stacklo                                         (abs)        000000
start                                           init         000000
start_initialization                            cinit        003654
strcpy@d                                        cstackCOMRAM 000005
strcpy@dest                                     cstackCOMRAM 000001
strcpy@src                                      cstackCOMRAM 000003
strlen@a                                        cstackCOMRAM 000003
strlen@s                                        cstackCOMRAM 000001
vfpfcnvrt@ap                                    cstackCOMRAM 000057
vfpfcnvrt@c                                     cstackBANK0  000092
vfpfcnvrt@convarg                               cstackBANK0  00008D
vfpfcnvrt@cp                                    cstackBANK0  000091
vfpfcnvrt@done                                  cstackBANK0  00008C
vfpfcnvrt@fmt                                   cstackCOMRAM 000056
vfpfcnvrt@fp                                    cstackCOMRAM 000055
vfprintf@ap                                     cstackBANK0  000095
vfprintf@cfmt                                   cstackCOMRAM 00005A
vfprintf@fmt                                    cstackBANK0  000094
vfprintf@fp                                     cstackBANK0  000093


MODULE INFORMATION

Module		Function		Class		Link	Load	Size
/opt/microchip/xc8/v2.45/pic/sources/c99/common/strlen.c
		_strlen        		CODE           	3974	0000	54

/opt/microchip/xc8/v2.45/pic/sources/c99/common/strlen.c estimated size: 54

/opt/microchip/xc8/v2.45/pic/sources/c99/common/floorf.c
		_floorf        		CODE           	2BBA	0000	530

/opt/microchip/xc8/v2.45/pic/sources/c99/common/floorf.c estimated size: 530

/opt/microchip/xc8/v2.45/pic/sources/c99/common/strcpy.c
		_strcpy        		CODE           	38FE	0000	62

/opt/microchip/xc8/v2.45/pic/sources/c99/common/strcpy.c estimated size: 62

/opt/microchip/xc8/v2.45/pic/sources/c99/common/fleq.c
		___fleq        		CODE           	34B6	0000	170

/opt/microchip/xc8/v2.45/pic/sources/c99/common/fleq.c estimated size: 170

/opt/microchip/xc8/v2.45/pic/sources/c99/common/nf_fputs.c
		_fputs         		CODE           	38BE	0000	64

/opt/microchip/xc8/v2.45/pic/sources/c99/common/nf_fputs.c estimated size: 64

/opt/microchip/xc8/v2.45/pic/sources/c99/common/sprcadd.c
		___flsub       		CODE           	37F4	0000	70
		___fladd       		CODE           	18F8	0000	1216

/opt/microchip/xc8/v2.45/pic/sources/c99/common/sprcadd.c estimated size: 1286

mcc_generated_files/eusart2.c
		_putch         		CODE           	3B16	0000	10
		_EUSART2_SetOverrunErrorHandler		CODE           	3ADE	0000	14
		_EUSART2_SetErrorHandler		CODE           	3AFA	0000	14
		_EUSART2_Write 		CODE           	3A82	0000	24
		_EUSART2_Initialize		CODE           	37A6	0000	78
		_EUSART2_SetFramingErrorHandler		CODE           	3AEC	0000	14

mcc_generated_files/eusart2.c estimated size: 154

/opt/microchip/xc8/v2.45/pic/sources/c99/common/awdiv.c
		___awdiv       		CODE           	3288	0000	196

/opt/microchip/xc8/v2.45/pic/sources/c99/common/awdiv.c estimated size: 196

/opt/microchip/xc8/v2.45/pic/sources/c99/common/fltol.c
		___fltol       		CODE           	2F80	0000	262

/opt/microchip/xc8/v2.45/pic/sources/c99/common/fltol.c estimated size: 262

mcc_generated_files/pwm4.c
		_PWM4_Initialize		CODE           	3AB2	0000	22
		_PWM4_LoadDutyValue		CODE           	39DE	0000	52

mcc_generated_files/pwm4.c estimated size: 74

mcc_generated_files/tmr2.c
		_TMR2_Initialize		CODE           	3A30	0000	28
		_TMR2_Start    		CODE           	3B2C	0000	4
		_TMR2_StartTimer		CODE           	3B20	0000	6

mcc_generated_files/tmr2.c estimated size: 38

/opt/microchip/xc8/v2.45/pic/sources/c99/common/nf_sprintf.c
		_sprintf       		CODE           	387E	0000	64

/opt/microchip/xc8/v2.45/pic/sources/c99/common/nf_sprintf.c estimated size: 64

mcc_generated_files/pin_manager.c
		_PIN_MANAGER_Initialize		CODE           	3560	0000	142

mcc_generated_files/pin_manager.c estimated size: 142

/opt/microchip/xc8/v2.45/pic/sources/c99/common/labs.c
		_labs          		CODE           	36B0	0000	86

/opt/microchip/xc8/v2.45/pic/sources/c99/common/labs.c estimated size: 86

/opt/microchip/xc8/v2.45/pic/sources/c99/common/doprnt.c
		_vfpfcnvrt     		CODE           	257C	0000	844
		_efgtoa        		CODE           	0F10	0000	2536
		_pad           		CODE           	35EE	0000	102
		_vfprintf      		CODE           	383A	0000	68

/opt/microchip/xc8/v2.45/pic/sources/c99/common/doprnt.c estimated size: 3550

/opt/microchip/xc8/v2.45/pic/sources/c99/common/memcpy.c
		_memcpy        		CODE           	3706	0000	80

/opt/microchip/xc8/v2.45/pic/sources/c99/common/memcpy.c estimated size: 80

/opt/microchip/xc8/v2.45/pic/sources/c99/common/flneg.c
		___flneg       		CODE           	393C	0000	56

/opt/microchip/xc8/v2.45/pic/sources/c99/common/flneg.c estimated size: 56

/opt/microchip/xc8/v2.45/pic/sources/c99/common/abs.c
		_abs           		CODE           	39AA	0000	52

/opt/microchip/xc8/v2.45/pic/sources/c99/common/abs.c estimated size: 52

/opt/microchip/xc8/v2.45/pic/sources/c99/common/nf_fputc.c
		_fputc         		CODE           	334C	0000	186

/opt/microchip/xc8/v2.45/pic/sources/c99/common/nf_fputc.c estimated size: 186

/opt/microchip/xc8/v2.45/pic/sources/c99/common/__fpclassifyf.c
		___fpclassifyf 		CODE           	318A	0000	254

/opt/microchip/xc8/v2.45/pic/sources/c99/common/__fpclassifyf.c estimated size: 254

/opt/microchip/xc8/v2.45/pic/sources/c99/common/flge.c
		___flge        		CODE           	3086	0000	260

/opt/microchip/xc8/v2.45/pic/sources/c99/common/flge.c estimated size: 260

shared
		__initialization		CODE           	3654	0000	86

shared estimated size: 86

mcc_generated_files/mcc.c
		_PMD_Initialize		CODE           	3A4C	0000	28
		_OSCILLATOR_Initialize		CODE           	3A9A	0000	24
		_SYSTEM_Initialize		CODE           	3A12	0000	30

mcc_generated_files/mcc.c estimated size: 82

/opt/microchip/xc8/v2.45/pic/sources/c99/common/sprcmul.c
		___flmul       		CODE           	1DB8	0000	1066

/opt/microchip/xc8/v2.45/pic/sources/c99/common/sprcmul.c estimated size: 1066

/opt/microchip/xc8/v2.45/pic/sources/c99/common/sprcdiv.c
		___fldiv       		CODE           	21E2	0000	922

/opt/microchip/xc8/v2.45/pic/sources/c99/common/sprcdiv.c estimated size: 922

/opt/microchip/xc8/v2.45/pic/sources/c99/common/awmod.c
		___awmod       		CODE           	3406	0000	176

/opt/microchip/xc8/v2.45/pic/sources/c99/common/awmod.c estimated size: 176

mcc_generated_files/adcc.c
		_ADCC_DisableContinuousConversion		CODE           	3B26	0000	6
		_ADCC_GetConversionResult		CODE           	3AC8	0000	22
		_ADCC_StartConversion		CODE           	3B08	0000	14
		_ADCC_Initialize		CODE           	3756	0000	80

mcc_generated_files/adcc.c estimated size: 122

main.c
		_main          		CODE           	28C8	0000	754

main.c estimated size: 754

/opt/microchip/xc8/v2.45/pic/sources/c99/common/xxtofl.c
		___xxtofl      		CODE           	2DCC	0000	436

/opt/microchip/xc8/v2.45/pic/sources/c99/common/xxtofl.c estimated size: 436

