Microchip MPLAB XC8 Compiler V2.45

Linker command line:

-W-3 --edf=/opt/microchip/xc8/v2.45/pic/dat/20230818022343_en.msgs -cn \
  -h+dist/default/production/egr_314_timers_and_interrupts_pena.X.production.sym \
  --cmf=dist/default/production/egr_314_timers_and_interrupts_pena.X.production.cmf \
  -z -Q18F47Q10 -o/tmp/xcXnOOhiK/driver_tmp_3.o --defsym=__MPLAB_BUILD=1 \
  --fixupoverflow=error \
  -Mdist/default/production/egr_314_timers_and_interrupts_pena.X.production.map \
  --md=/tmp/xcXnOOhiK/driver_tmp_0.dat -E1 -ver=XC8 Compiler --acfsm=1493 \
  -ACODE=00h-01FFFFh -ACONST=00h-01FFFFh -ASMALLCONST=0F00h-0FFFhx497 \
  -AMEDIUMCONST=0F00h-0FFFFh,010F00h-01FFFFh -ACOMRAM=01h-05Fh \
  -AABS1=00h-0CFFh,0E00h-0E1Eh -ABIGRAM=01h-0CFFh,0E00h-0E1Eh \
  -ARAM=060h-0FFh,0100h-01FFhx12,0E00h-0E1Eh -ABANK0=060h-0FFh \
  -ABANK1=0100h-01FFh -ABANK2=0200h-02FFh -ABANK3=0300h-03FFh \
  -ABANK4=0400h-04FFh -ABANK5=0500h-05FFh -ABANK6=0600h-06FFh \
  -ABANK7=0700h-07FFh -ABANK8=0800h-08FFh -ABANK9=0900h-09FFh \
  -ABANK10=0A00h-0AFFh -ABANK11=0B00h-0BFFh -ABANK12=0C00h-0CFFh \
  -ABANK14=0E00h-0E1Eh \
  -ASFR=0D00h-0DFFh,0E1Fh-0EFFh,0F00h-0F5Fh,0F60h-0FFFh \
  -ABIGSFR=0D00h-0DFFh,0E1Fh-0FFFh -ACONFIG=0300000h-030000Bh \
  -AIDLOC=0200000h-02000FFh -AEEDATA=0310000h-03103FFh -peeprom_data=EEDATA \
  -preset_vec=00h,intcode=08h,intcodelo,powerup,init -pramtop=0F00h \
  -psmallconst=SMALLCONST -pmediumconst=MEDIUMCONST -pconst=CONST \
  -AFARRAM=00h-00h \
  -prdata=COMRAM,nvrram=COMRAM,nvbit=COMRAM,rbss=COMRAM,rbit=COMRAM \
  -pfarbss=FARRAM,fardata=FARRAM,nvFARRAM=FARRAM \
  -pintsave_regs=BIGRAM,bigbss=BIGRAM,bigdata=BIGRAM -pbss=RAM \
  -pidata=CODE,irdata=CODE,ibigdata=CODE,ifardata=CODE -prparam=COMRAM \
  /tmp/xcXnOOhiK/driver_tmp_14.o \
  dist/default/production/egr_314_timers_and_interrupts_pena.X.production.o 

Object code version is 3.11

Machine type is 18F47Q10



                Name                               Link     Load   Length Selector   Space Scale
/tmp/xcXnOOhiK/driver_tmp_14.o
                config                           300000   300000        C        0       4
                init                                 76       76        4        4       0
                reset_vec                             0        0        4        0       0
dist/default/production/egr_314_timers_and_interrupts_pena.X.production.o
                intcode                               8        8       6E        4       0
                config                           300000   300000        C        0       4
                temp                                 55       55        1        1       1
                smallconst                          F00      F00       1E      780       0
                text55                             1DD8     1DD8      4C0      78F       0
                text54                             2A60     2A60      39A      78F       0
                text53                             3524     3524      1B4      78F       0
                text52                             3FAA     3FAA       80      78F       0
                text51                             4590     4590        2      78F       0
                text50                             3F2A     3F2A       80      78F       0
                text49                             43DA     43DA       34      78F       0
                text48                             458E     458E        2      78F       0
                text47                             43A6     43A6       34      78F       0
                text46                             446E     446E       2A      78F       0
                text45                             419A     419A       4C      78F       0
                text44                             458C     458C        2      78F       0
                text43                             4370     4370       36      78F       0
                text41                             4570     4570        E      78F       0
                text40                             4562     4562        E      78F       0
                text39                             4554     4554        E      78F       0
                text38                             40F4     40F4       54      78F       0
                text37                             4588     4588        4      78F       0
                text36                             4504     4504       18      78F       0
                text35                             4546     4546        E      78F       0
                text34                             4538     4538        E      78F       0
                text33                             3D0E     3D0E       BE      78F       0
                text32                             44B4     44B4       1C      78F       0
                text31                             452A     452A        E      78F       0
                text30                             440E     440E       32      78F       0
                text29                             44EA     44EA       1A      78F       0
                text28                             4584     4584        4      78F       0
                text27                             457E     457E        6      78F       0
                text26                             336C     336C      1B8      78F       0
                text25                             3C48     3C48       C6      78F       0
                text24                             3DCC     3DCC       B2      78F       0
                text23                             433A     433A       36      78F       0
                text22                             26C4     26C4      39C      78F       0
                text21                             3E7E     3E7E       AC      78F       0
                text20                             3976     3976      106      78F       0
                text19                             2298     2298      42C      78F       0
                text18                             4300     4300       3A      78F       0
                text17                             1916     1916      4C2      78F       0
                text16                             4278     4278       48      78F       0
                text15                             386E     386E      108      78F       0
                text14                             3A7C     3A7C      100      78F       0
                text13                             3156     3156      216      78F       0
                text12                             409C     409C       58      78F       0
                text11                             4148     4148       52      78F       0
                text10                             44D0     44D0       1A      78F       0
                text9                              451C     451C        E      78F       0
                text8                              3B7C     3B7C       CC      78F       0
                text7                              4230     4230       48      78F       0
                text6                              402A     402A       72      78F       0
                text5                              42C0     42C0       40      78F       0
                text4                               F1E      F1E      9F8      78F       0
                text3                              2DFA     2DFA      35C      78F       0
                text2                              41E6     41E6       4A      78F       0
                text1                              4498     4498       1C      78F       0
                text0                              36D8     36D8      196      78F       0
                cstackCOMRAM                          1        1       39        1       1
                cstackBANK0                          60       60       8C       60       1
                bssBANK1                            100      100       50      100       1
                bssBANK0                             EC       EC       10       60       1
                bssCOMRAM                            4D       4D        8        1       1
                cinit                              4440     4440       2E      78F       0
                nvBANK0                              FC       FC        3       60       1
                nvCOMRAM                             3A       3A       13        1       1

TOTAL           Name                               Link     Load   Length     Space
        CLASS   CODE           
                intcode                               8        8       6E         0
                init                                 76       76        4         0
                reset_vec                             0        0        4         0
                text55                             1DD8     1DD8      4C0         0
                text54                             2A60     2A60      39A         0
                text53                             3524     3524      1B4         0
                text52                             3FAA     3FAA       80         0
                text51                             4590     4590        2         0
                text50                             3F2A     3F2A       80         0
                text49                             43DA     43DA       34         0
                text48                             458E     458E        2         0
                text47                             43A6     43A6       34         0
                text46                             446E     446E       2A         0
                text45                             419A     419A       4C         0
                text44                             458C     458C        2         0
                text43                             4370     4370       36         0
                text41                             4570     4570        E         0
                text40                             4562     4562        E         0
                text39                             4554     4554        E         0
                text38                             40F4     40F4       54         0
                text37                             4588     4588        4         0
                text36                             4504     4504       18         0
                text35                             4546     4546        E         0
                text34                             4538     4538        E         0
                text33                             3D0E     3D0E       BE         0
                text32                             44B4     44B4       1C         0
                text31                             452A     452A        E         0
                text30                             440E     440E       32         0
                text29                             44EA     44EA       1A         0
                text28                             4584     4584        4         0
                text27                             457E     457E        6         0
                text26                             336C     336C      1B8         0
                text25                             3C48     3C48       C6         0
                text24                             3DCC     3DCC       B2         0
                text23                             433A     433A       36         0
                text22                             26C4     26C4      39C         0
                text21                             3E7E     3E7E       AC         0
                text20                             3976     3976      106         0
                text19                             2298     2298      42C         0
                text18                             4300     4300       3A         0
                text17                             1916     1916      4C2         0
                text16                             4278     4278       48         0
                text15                             386E     386E      108         0
                text14                             3A7C     3A7C      100         0
                text13                             3156     3156      216         0
                text12                             409C     409C       58         0
                text11                             4148     4148       52         0
                text10                             44D0     44D0       1A         0
                text9                              451C     451C        E         0
                text8                              3B7C     3B7C       CC         0
                text7                              4230     4230       48         0
                text6                              402A     402A       72         0
                text5                              42C0     42C0       40         0
                text4                               F1E      F1E      9F8         0
                text3                              2DFA     2DFA      35C         0
                text2                              41E6     41E6       4A         0
                text1                              4498     4498       1C         0
                text0                              36D8     36D8      196         0
                cinit                              4440     4440       2E         0

        CLASS   CONST          

        CLASS   SMALLCONST     
                smallconst                          F00      F00       1E         0

        CLASS   MEDIUMCONST    

        CLASS   COMRAM         
                temp                                 55       55        1         1
                cstackCOMRAM                          1        1       39         1
                bssCOMRAM                            4D       4D        8         1
                nvCOMRAM                             3A       3A       13         1

        CLASS   ABS1           

        CLASS   BIGRAM         

        CLASS   RAM            

        CLASS   BANK0          
                cstackBANK0                          60       60       8C         1
                bssBANK0                             EC       EC       10         1
                nvBANK0                              FC       FC        3         1

        CLASS   BANK1          
                bssBANK1                            100      100       50         1

        CLASS   BANK2          

        CLASS   BANK3          

        CLASS   BANK4          

        CLASS   BANK5          

        CLASS   BANK6          

        CLASS   BANK7          

        CLASS   BANK8          

        CLASS   BANK9          

        CLASS   BANK10         

        CLASS   BANK11         

        CLASS   BANK12         

        CLASS   BANK14         

        CLASS   SFR            

        CLASS   BIGSFR         

        CLASS   CONFIG         
                config                           300000   300000        C         4

        CLASS   IDLOC          

        CLASS   EEDATA         

        CLASS   FARRAM         

        CLASS   HEAP           

        CLASS   STACK          



SEGMENTS        Name                           Load    Length   Top    Selector   Space  Class

                reset_vec                      000000  000004  000004         0       0  CODE    
                cstackBANK0                    000060  00009F  0000FF        60       1  BANK0   
                text4                          000F1E  003674  004592       78F       0  CODE    
                bssBANK1                       000100  000050  000150       100       1  BANK1   
                intcode                        000008  000072  00007A         4       0  CODE    
                cstackCOMRAM                   000001  000055  000056         1       1  COMRAM  
                smallconst                     000F00  00001E  000F1E       780       0  SMALLCON


UNUSED ADDRESS RANGES

        Name                Unused          Largest block    Delta
        BANK0            0000FF-0000FF                1
        BANK1            000150-0001FF               B0
        BANK10           000A00-000AFF              100
        BANK11           000B00-000BFF              100
        BANK12           000C00-000CFF              100
        BANK14           000E00-000E1E               1F
        BANK2            000200-0002FF              100
        BANK3            000300-0003FF              100
        BANK4            000400-0004FF              100
        BANK5            000500-0005FF              100
        BANK6            000600-0006FF              100
        BANK7            000700-0007FF              100
        BANK8            000800-0008FF              100
        BANK9            000900-0009FF              100
        BIGRAM           000056-00005F                A
                         0000FF-0000FF                1
                         000150-000CFF              BB0
                         000E00-000E1E               1F
        BIGSFR           000D00-000DFF              100
                         000E1F-000FFF              1E1
        CODE             000004-000007                4
                         00007A-000EFF              E86
                         004592-01FFFF            1BA6E
        COMRAM           000056-00005F                A
        CONST            000004-000007                4
                         00007A-000EFF              E86
                         004592-01FFFF            1BA6E
        EEDATA           310000-3103FF              400
        IDLOC            200000-2000FF              100
        MEDIUMCONST      004592-00FFFF             BA6E
                         010F00-01FFFF             F100
        RAM              0000FF-0000FF                1
                         000150-000CFF              100
                         000E00-000E1E               1F
        SFR              000D00-000DFF              100
                         000E1F-000FFF               E1
        SMALLCONST       004592-01FFFF              100

                                  Symbol Table

?___awdiv                                       cstackBANK0  000060
?___awmod                                       cstackBANK0  000060
?___fladd                                       cstackBANK0  000087
?___fldiv                                       cstackBANK0  00006E
?___flmul                                       cstackBANK0  000060
?___flneg                                       cstackBANK0  000060
?___flsub                                       cstackBANK0  000097
?___fltol                                       cstackBANK0  000060
?___fpclassifyf                                 cstackBANK0  000060
?___xxtofl                                      cstackBANK0  000060
?_abs                                           cstackBANK0  000066
?_floorf                                        cstackBANK0  000087
?_labs                                          cstackBANK0  000060
?_printf                                        cstackBANK0  0000E6
?_vfprintf                                      cstackBANK0  0000E1
?i2___fladd                                     cstackCOMRAM 000028
?i2___fldiv                                     cstackCOMRAM 00000F
?i2___xxtofl                                    cstackCOMRAM 000001
EUSART2_SetErrorHandler@interruptHandler        cstackBANK0  000060
EUSART2_SetFramingErrorHandler@interruptHandler cstackBANK0  000060
EUSART2_SetOverrunErrorHandler@interruptHandler cstackBANK0  000060
EUSART2_Write@txData                            cstackBANK0  000060
IOCAF0_SetInterruptHandler@InterruptHandler     cstackBANK0  000060
IOCAF1_SetInterruptHandler@InterruptHandler     cstackBANK0  000060
TMR2_SetInterruptHandler@InterruptHandler       cstackBANK0  000060
_ANSELA                                         (abs)        000F0C
_ANSELB                                         (abs)        000F14
_ANSELC                                         (abs)        000F1C
_ANSELD                                         (abs)        000F21
_ANSELE                                         (abs)        000F29
_BAUD2CON                                       (abs)        000E9A
_EUSART2_DefaultErrorHandler                    (abs)        000000
_EUSART2_DefaultFramingErrorHandler             (abs)        000000
_EUSART2_DefaultOverrunErrorHandler             (abs)        000000
_EUSART2_ErrorHandler                           nvCOMRAM     000044
_EUSART2_FramingErrorHandler                    nvCOMRAM     00004A
_EUSART2_Initialize                             text38       0040F4
_EUSART2_OverrunErrorHandler                    nvCOMRAM     000047
_EUSART2_SetErrorHandler                        text41       004570
_EUSART2_SetFramingErrorHandler                 text40       004562
_EUSART2_SetOverrunErrorHandler                 text39       004554
_EUSART2_Write                                  text10       0044D0
_INLVLA                                         (abs)        000F08
_INLVLB                                         (abs)        000F10
_INLVLC                                         (abs)        000F18
_INLVLD                                         (abs)        000F1D
_INLVLE                                         (abs)        000F25
_INTCONbits                                     (abs)        000FF2
_INTERRUPT_Initialize                           text37       004588
_INTERRUPT_InterruptManager                     intcode      000008
_IOCAF0_DefaultInterruptHandler                 text51       004590
_IOCAF0_ISR                                     text49       0043DA
_IOCAF0_InterruptHandler                        nvCOMRAM     000041
_IOCAF0_SetInterruptHandler                     text35       004546
_IOCAF1_DefaultInterruptHandler                 text48       00458E
_IOCAF1_ISR                                     text47       0043A6
_IOCAF1_InterruptHandler                        nvCOMRAM     00003E
_IOCAF1_SetInterruptHandler                     text34       004538
_IOCAFbits                                      (abs)        000F05
_IOCANbits                                      (abs)        000F06
_IOCAPbits                                      (abs)        000F07
_LATA                                           (abs)        000F82
_LATB                                           (abs)        000F83
_LATC                                           (abs)        000F84
_LATCbits                                       (abs)        000F84
_LATD                                           (abs)        000F85
_LATE                                           (abs)        000F86
_LATEbits                                       (abs)        000F86
_ODCONA                                         (abs)        000F0A
_ODCONB                                         (abs)        000F12
_ODCONC                                         (abs)        000F1A
_ODCOND                                         (abs)        000F1F
_ODCONE                                         (abs)        000F27
_OSCCON1                                        (abs)        000ED3
_OSCCON3                                        (abs)        000ED5
_OSCEN                                          (abs)        000ED7
_OSCFRQ                                         (abs)        000ED9
_OSCILLATOR_Initialize                          text36       004504
_OSCTUNE                                        (abs)        000ED8
_PIE0bits                                       (abs)        000EBD
_PIE4bits                                       (abs)        000EC1
_PIN_MANAGER_IOC                                text46       00446E
_PIN_MANAGER_Initialize                         text33       003D0E
_PIR0bits                                       (abs)        000EC5
_PIR3bits                                       (abs)        000EC8
_PIR4bits                                       (abs)        000EC9
_PMD0                                           (abs)        000EDC
_PMD1                                           (abs)        000EDD
_PMD2                                           (abs)        000EDE
_PMD3                                           (abs)        000EDF
_PMD4                                           (abs)        000EE0
_PMD5                                           (abs)        000EE1
_PMD_Initialize                                 text32       0044B4
_PORTAbits                                      (abs)        000F8C
_PR2                                            (abs)        000FBB
_RB6PPS                                         (abs)        000EF0
_RC2REG                                         (abs)        000E94
_RC2STA                                         (abs)        000E98
_RC2STAbits                                     (abs)        000E98
_RD0PPS                                         (abs)        000EFA
_RX2PPS                                         (abs)        000E88
_SLRCONA                                        (abs)        000F09
_SLRCONB                                        (abs)        000F11
_SLRCONC                                        (abs)        000F19
_SLRCOND                                        (abs)        000F1E
_SLRCONE                                        (abs)        000F26
_SP2BRGH                                        (abs)        000E97
_SP2BRGL                                        (abs)        000E96
_SYSTEM_Initialize                              text29       0044EA
_T2CLKCON                                       (abs)        000FBE
_T2CON                                          (abs)        000FBC
_T2CONbits                                      (abs)        000FBC
_T2HLT                                          (abs)        000FBD
_T2HLTbits                                      (abs)        000FBD
_T2PR                                           (abs)        000FBB
_T2RST                                          (abs)        000FBF
_T2RSTbits                                      (abs)        000FBF
_T2TMR                                          (abs)        000FBA
_TMR2                                           (abs)        000FBA
_TMR2_DefaultInterruptHandler                   text44       00458C
_TMR2_ISR                                       text43       004370
_TMR2_Initialize                                text30       00440E
_TMR2_InterruptHandler                          nvBANK0      0000FC
_TMR2_SetInterruptHandler                       text31       00452A
_TMR2_Start                                     text28       004584
_TMR2_StartTimer                                text27       00457E
_TRISA                                          (abs)        000F87
_TRISB                                          (abs)        000F88
_TRISC                                          (abs)        000F89
_TRISD                                          (abs)        000F8A
_TRISE                                          (abs)        000F8B
_TX2REG                                         (abs)        000E95
_TX2STA                                         (abs)        000E99
_TX2STAbits                                     (abs)        000E99
_WPUA                                           (abs)        000F0B
_WPUB                                           (abs)        000F13
_WPUC                                           (abs)        000F1B
_WPUD                                           (abs)        000F20
_WPUE                                           (abs)        000F28
__HRAM                                          (abs)        000000
__H__absolute__                                 __absolute__ 000000
__Habs1                                         abs1         000000
__Hbank0                                        bank0        000000
__Hbank1                                        bank1        000000
__Hbank10                                       bank10       000000
__Hbank11                                       bank11       000000
__Hbank12                                       bank12       000000
__Hbank14                                       bank14       000000
__Hbank2                                        bank2        000000
__Hbank3                                        bank3        000000
__Hbank4                                        bank4        000000
__Hbank5                                        bank5        000000
__Hbank6                                        bank6        000000
__Hbank7                                        bank7        000000
__Hbank8                                        bank8        000000
__Hbank9                                        bank9        000000
__Hbigbss                                       bigbss       000000
__Hbigdata                                      bigdata      000000
__Hbigram                                       bigram       000000
__Hbigsfr                                       bigsfr       000000
__Hbss                                          bss          000000
__HbssBANK0                                     bssBANK0     000000
__HbssBANK1                                     bssBANK1     000000
__HbssCOMRAM                                    bssCOMRAM    000000
__Hcinit                                        cinit        000000
__Hclrtext                                      clrtext      000000
__Hcomram                                       comram       000000
__Hconfig                                       config       30000C
__Hconst                                        const        000000
__HcstackBANK0                                  cstackBANK0  000000
__HcstackCOMRAM                                 cstackCOMRAM 000000
__Hdata                                         data         000000
__Heeprom_data                                  eeprom_data  000000
__Hfarbss                                       farbss       000000
__Hfardata                                      fardata      000000
__Hheap                                         heap         000000
__Hibigdata                                     ibigdata     000000
__Hidata                                        idata        000000
__Hidloc                                        idloc        000000
__Hifardata                                     ifardata     000000
__Hinit                                         init         00007A
__Hintcode                                      intcode      000076
__Hintcode_body                                 intcode_body 000000
__Hintcodelo                                    intcodelo    000076
__Hintentry                                     intentry     000000
__Hintret                                       intret       000000
__Hintsave_regs                                 intsave_regs 000000
__Hirdata                                       irdata       000000
__Hmediumconst                                  mediumconst  000000
__HnvBANK0                                      nvBANK0      000000
__HnvCOMRAM                                     nvCOMRAM     000000
__HnvFARRAM                                     nvFARRAM     000000
__Hnvbit                                        nvbit        000000
__Hnvrram                                       nvrram       000000
__Hparam                                        rparam       000000
__Hpowerup                                      powerup      000076
__Hram                                          ram          000000
__Hramtop                                       ramtop       000F00
__Hrbit                                         rbit         000000
__Hrbss                                         rbss         000000
__Hrdata                                        rdata        000000
__Hreset_vec                                    reset_vec    000004
__Hrparam                                       rparam       000000
__Hsfr                                          sfr          000000
__Hsmallconst                                   smallconst   000F1E
__Hspace_0                                      (abs)        004592
__Hspace_1                                      (abs)        000150
__Hspace_2                                      (abs)        000000
__Hspace_4                                      (abs)        60000C
__Hstack                                        stack        000000
__Hstruct                                       struct       000000
__Htemp                                         temp         000056
__Htext                                         text         000000
__Htext0                                        text0        000000
__Htext1                                        text1        000000
__Htext10                                       text10       000000
__Htext11                                       text11       000000
__Htext12                                       text12       000000
__Htext13                                       text13       000000
__Htext14                                       text14       000000
__Htext15                                       text15       000000
__Htext16                                       text16       000000
__Htext17                                       text17       000000
__Htext18                                       text18       000000
__Htext19                                       text19       000000
__Htext2                                        text2        000000
__Htext20                                       text20       000000
__Htext21                                       text21       000000
__Htext22                                       text22       000000
__Htext23                                       text23       000000
__Htext24                                       text24       000000
__Htext25                                       text25       000000
__Htext26                                       text26       000000
__Htext27                                       text27       000000
__Htext28                                       text28       000000
__Htext29                                       text29       000000
__Htext3                                        text3        000000
__Htext30                                       text30       000000
__Htext31                                       text31       000000
__Htext32                                       text32       000000
__Htext33                                       text33       000000
__Htext34                                       text34       000000
__Htext35                                       text35       000000
__Htext36                                       text36       000000
__Htext37                                       text37       000000
__Htext38                                       text38       000000
__Htext39                                       text39       000000
__Htext4                                        text4        000000
__Htext40                                       text40       000000
__Htext41                                       text41       000000
__Htext43                                       text43       000000
__Htext44                                       text44       000000
__Htext45                                       text45       000000
__Htext46                                       text46       000000
__Htext47                                       text47       000000
__Htext48                                       text48       000000
__Htext49                                       text49       000000
__Htext5                                        text5        000000
__Htext50                                       text50       000000
__Htext51                                       text51       000000
__Htext52                                       text52       000000
__Htext53                                       text53       000000
__Htext54                                       text54       000000
__Htext55                                       text55       000000
__Htext56                                       text56       000000
__Htext6                                        text6        000000
__Htext7                                        text7        000000
__Htext8                                        text8        000000
__Htext9                                        text9        000000
__LRAM                                          (abs)        000001
__L__absolute__                                 __absolute__ 000000
__Labs1                                         abs1         000000
__Lbank0                                        bank0        000000
__Lbank1                                        bank1        000000
__Lbank10                                       bank10       000000
__Lbank11                                       bank11       000000
__Lbank12                                       bank12       000000
__Lbank14                                       bank14       000000
__Lbank2                                        bank2        000000
__Lbank3                                        bank3        000000
__Lbank4                                        bank4        000000
__Lbank5                                        bank5        000000
__Lbank6                                        bank6        000000
__Lbank7                                        bank7        000000
__Lbank8                                        bank8        000000
__Lbank9                                        bank9        000000
__Lbigbss                                       bigbss       000000
__Lbigdata                                      bigdata      000000
__Lbigram                                       bigram       000000
__Lbigsfr                                       bigsfr       000000
__Lbss                                          bss          000000
__LbssBANK0                                     bssBANK0     000000
__LbssBANK1                                     bssBANK1     000000
__LbssCOMRAM                                    bssCOMRAM    000000
__Lcinit                                        cinit        000000
__Lclrtext                                      clrtext      000000
__Lcomram                                       comram       000000
__Lconfig                                       config       000000
__Lconst                                        const        000000
__LcstackBANK0                                  cstackBANK0  000000
__LcstackCOMRAM                                 cstackCOMRAM 000000
__Ldata                                         data         000000
__Leeprom_data                                  eeprom_data  000000
__Lfarbss                                       farbss       000000
__Lfardata                                      fardata      000000
__Lheap                                         heap         000000
__Libigdata                                     ibigdata     000000
__Lidata                                        idata        000000
__Lidloc                                        idloc        000000
__Lifardata                                     ifardata     000000
__Linit                                         init         000076
__Lintcode                                      intcode      000008
__Lintcode_body                                 intcode_body 000000
__Lintcodelo                                    intcodelo    000076
__Lintentry                                     intentry     000000
__Lintret                                       intret       000000
__Lintsave_regs                                 intsave_regs 000000
__Lirdata                                       irdata       000000
__Lmediumconst                                  mediumconst  000000
__LnvBANK0                                      nvBANK0      000000
__LnvCOMRAM                                     nvCOMRAM     000000
__LnvFARRAM                                     nvFARRAM     000000
__Lnvbit                                        nvbit        000000
__Lnvrram                                       nvrram       000000
__Lparam                                        rparam       000000
__Lpowerup                                      powerup      000076
__Lram                                          ram          000000
__Lramtop                                       ramtop       000F00
__Lrbit                                         rbit         000000
__Lrbss                                         rbss         000000
__Lrdata                                        rdata        000000
__Lreset_vec                                    reset_vec    000000
__Lrparam                                       rparam       000000
__Lsfr                                          sfr          000000
__Lsmallconst                                   smallconst   000F00
__Lspace_0                                      (abs)        000000
__Lspace_1                                      (abs)        000000
__Lspace_2                                      (abs)        000000
__Lspace_4                                      (abs)        000000
__Lstack                                        stack        000000
__Lstruct                                       struct       000000
__Ltemp                                         temp         000055
__Ltext                                         text         000000
__Ltext0                                        text0        000000
__Ltext1                                        text1        000000
__Ltext10                                       text10       000000
__Ltext11                                       text11       000000
__Ltext12                                       text12       000000
__Ltext13                                       text13       000000
__Ltext14                                       text14       000000
__Ltext15                                       text15       000000
__Ltext16                                       text16       000000
__Ltext17                                       text17       000000
__Ltext18                                       text18       000000
__Ltext19                                       text19       000000
__Ltext2                                        text2        000000
__Ltext20                                       text20       000000
__Ltext21                                       text21       000000
__Ltext22                                       text22       000000
__Ltext23                                       text23       000000
__Ltext24                                       text24       000000
__Ltext25                                       text25       000000
__Ltext26                                       text26       000000
__Ltext27                                       text27       000000
__Ltext28                                       text28       000000
__Ltext29                                       text29       000000
__Ltext3                                        text3        000000
__Ltext30                                       text30       000000
__Ltext31                                       text31       000000
__Ltext32                                       text32       000000
__Ltext33                                       text33       000000
__Ltext34                                       text34       000000
__Ltext35                                       text35       000000
__Ltext36                                       text36       000000
__Ltext37                                       text37       000000
__Ltext38                                       text38       000000
__Ltext39                                       text39       000000
__Ltext4                                        text4        000000
__Ltext40                                       text40       000000
__Ltext41                                       text41       000000
__Ltext43                                       text43       000000
__Ltext44                                       text44       000000
__Ltext45                                       text45       000000
__Ltext46                                       text46       000000
__Ltext47                                       text47       000000
__Ltext48                                       text48       000000
__Ltext49                                       text49       000000
__Ltext5                                        text5        000000
__Ltext50                                       text50       000000
__Ltext51                                       text51       000000
__Ltext52                                       text52       000000
__Ltext53                                       text53       000000
__Ltext54                                       text54       000000
__Ltext55                                       text55       000000
__Ltext56                                       text56       000000
__Ltext6                                        text6        000000
__Ltext7                                        text7        000000
__Ltext8                                        text8        000000
__Ltext9                                        text9        000000
__S0                                            (abs)        004592
__S1                                            (abs)        000150
__S4                                            (abs)        000000
__S5                                            (abs)        000000
___awdiv                                        text25       003C48
___awdiv@counter                                cstackBANK0  000064
___awdiv@dividend                               cstackBANK0  000060
___awdiv@divisor                                cstackBANK0  000062
___awdiv@quotient                               cstackBANK0  000066
___awdiv@sign                                   cstackBANK0  000065
___awmod                                        text24       003DCC
___awmod@counter                                cstackBANK0  000064
___awmod@dividend                               cstackBANK0  000060
___awmod@divisor                                cstackBANK0  000062
___awmod@sign                                   cstackBANK0  000065
___fladd                                        text17       001916
___fladd@a                                      cstackBANK0  00008B
___fladd@aexp                                   cstackBANK0  000094
___fladd@b                                      cstackBANK0  000087
___fladd@bexp                                   cstackBANK0  000095
___fladd@grs                                    cstackBANK0  000096
___fladd@signs                                  cstackBANK0  000093
___fldiv                                        text22       0026C4
___fldiv@a                                      cstackBANK0  000072
___fldiv@aexp                                   cstackBANK0  000086
___fldiv@b                                      cstackBANK0  00006E
___fldiv@bexp                                   cstackBANK0  000085
___fldiv@grs                                    cstackBANK0  000081
___fldiv@new_exp                                cstackBANK0  00007F
___fldiv@rem                                    cstackBANK0  00007A
___fldiv@sign                                   cstackBANK0  00007E
___fleq                                         text21       003E7E
___fleq@ff1                                     cstackBANK0  000060
___fleq@ff2                                     cstackBANK0  000064
___flge                                         text20       003976
___flge@ff1                                     cstackBANK0  000079
___flge@ff2                                     cstackBANK0  00007D
___flmul                                        text19       002298
___flmul@a                                      cstackBANK0  000064
___flmul@aexp                                   cstackBANK0  000071
___flmul@b                                      cstackBANK0  000060
___flmul@bexp                                   cstackBANK0  000072
___flmul@grs                                    cstackBANK0  00006D
___flmul@prod                                   cstackBANK0  000073
___flmul@sign                                   cstackBANK0  00006C
___flmul@temp                                   cstackBANK0  000077
___flneg                                        text18       004300
___flneg@f1                                     cstackBANK0  000060
___flsub                                        text16       004278
___flsub@a                                      cstackBANK0  00009B
___flsub@b                                      cstackBANK0  000097
___fltol                                        text15       00386E
___fltol@exp1                                   cstackBANK0  000069
___fltol@f1                                     cstackBANK0  000060
___fltol@sign1                                  cstackBANK0  000068
___fpclassifyf                                  text14       003A7C
___fpclassifyf@F465                             bssBANK0     0000F0
___fpclassifyf@e                                cstackBANK0  000068
___fpclassifyf@u                                cstackBANK0  00006A
___fpclassifyf@x                                cstackBANK0  000060
___heap_hi                                      (abs)        000000
___heap_lo                                      (abs)        000000
___inthi_sp                                     stack        000000
___inthi_stack_hi                               stack        000000
___inthi_stack_lo                               stack        000000
___intlo_sp                                     stack        000000
___intlo_stack_hi                               stack        000000
___intlo_stack_lo                               stack        000000
___param_bank                                   (abs)        000000
___rparam_used                                  (abs)        000001
___sp                                           stack        000000
___stack_hi                                     stack        000000
___stack_lo                                     stack        000000
___xxtofl                                       text26       00336C
___xxtofl@arg                                   cstackBANK0  00006A
___xxtofl@exp                                   cstackBANK0  000069
___xxtofl@sign                                  cstackBANK0  000068
___xxtofl@val                                   cstackBANK0  000060
__accesstop                                     (abs)        000060
__activetblptr                                  (abs)        000003
__end_of_EUSART2_Initialize                     text38       004148
__end_of_EUSART2_SetErrorHandler                text41       00457E
__end_of_EUSART2_SetFramingErrorHandler         text40       004570
__end_of_EUSART2_SetOverrunErrorHandler         text39       004562
__end_of_EUSART2_Write                          text10       0044EA
__end_of_INTERRUPT_Initialize                   text37       00458C
__end_of_INTERRUPT_InterruptManager             intcode      000076
__end_of_IOCAF0_DefaultInterruptHandler         text51       004592
__end_of_IOCAF0_ISR                             text49       00440E
__end_of_IOCAF0_SetInterruptHandler             text35       004554
__end_of_IOCAF1_DefaultInterruptHandler         text48       004590
__end_of_IOCAF1_ISR                             text47       0043DA
__end_of_IOCAF1_SetInterruptHandler             text34       004546
__end_of_OSCILLATOR_Initialize                  text36       00451C
__end_of_PIN_MANAGER_IOC                        text46       004498
__end_of_PIN_MANAGER_Initialize                 text33       003DCC
__end_of_PMD_Initialize                         text32       0044D0
__end_of_SYSTEM_Initialize                      text29       004504
__end_of_TMR2_DefaultInterruptHandler           text44       00458E
__end_of_TMR2_ISR                               text43       0043A6
__end_of_TMR2_Initialize                        text30       004440
__end_of_TMR2_SetInterruptHandler               text31       004538
__end_of_TMR2_Start                             text28       004588
__end_of_TMR2_StartTimer                        text27       004584
__end_of___awdiv                                text25       003D0E
__end_of___awmod                                text24       003E7E
__end_of___fladd                                text17       001DD8
__end_of___fldiv                                text22       002A60
__end_of___fleq                                 text21       003F2A
__end_of___flge                                 text20       003A7C
__end_of___flmul                                text19       0026C4
__end_of___flneg                                text18       00433A
__end_of___flsub                                text16       0042C0
__end_of___fltol                                text15       003976
__end_of___fpclassifyf                          text14       003B7C
__end_of___xxtofl                               text26       003524
__end_of__initialization                        cinit        004464
__end_of_abs                                    text23       004370
__end_of_efgtoa                                 text4        001916
__end_of_floorf                                 text13       00336C
__end_of_fputc                                  text8        003C48
__end_of_fputs                                  text7        004278
__end_of_labs                                   text12       0040F4
__end_of_main                                   text0        00386E
__end_of_memcpy                                 text11       00419A
__end_of_pad                                    text6        00409C
__end_of_pin_down                               text50       003FAA
__end_of_pin_up                                 text52       00402A
__end_of_printf                                 text1        0044B4
__end_of_putch                                  text9        00452A
__end_of_strcpy                                 text5        004300
__end_of_timer_callback                         text45       0041E6
__end_of_vfpfcnvrt                              text3        003156
__end_of_vfprintf                               text2        004230
__end_ofi2___fladd                              text55       002298
__end_ofi2___fldiv                              text54       002DFA
__end_ofi2___xxtofl                             text53       0036D8
__initialization                                cinit        004440
__mediumconst                                   mediumconst  000000
__pbssBANK0                                     bssBANK0     0000EC
__pbssBANK1                                     bssBANK1     000100
__pbssCOMRAM                                    bssCOMRAM    00004D
__pcinit                                        cinit        004440
__pcstackBANK0                                  cstackBANK0  000060
__pcstackCOMRAM                                 cstackCOMRAM 000001
__pintcode                                      intcode      000008
__pnvBANK0                                      nvBANK0      0000FC
__pnvCOMRAM                                     nvCOMRAM     00003A
__psmallconst                                   smallconst   000F00
__ptext0                                        text0        0036D8
__ptext1                                        text1        004498
__ptext10                                       text10       0044D0
__ptext11                                       text11       004148
__ptext12                                       text12       00409C
__ptext13                                       text13       003156
__ptext14                                       text14       003A7C
__ptext15                                       text15       00386E
__ptext16                                       text16       004278
__ptext17                                       text17       001916
__ptext18                                       text18       004300
__ptext19                                       text19       002298
__ptext2                                        text2        0041E6
__ptext20                                       text20       003976
__ptext21                                       text21       003E7E
__ptext22                                       text22       0026C4
__ptext23                                       text23       00433A
__ptext24                                       text24       003DCC
__ptext25                                       text25       003C48
__ptext26                                       text26       00336C
__ptext27                                       text27       00457E
__ptext28                                       text28       004584
__ptext29                                       text29       0044EA
__ptext3                                        text3        002DFA
__ptext30                                       text30       00440E
__ptext31                                       text31       00452A
__ptext32                                       text32       0044B4
__ptext33                                       text33       003D0E
__ptext34                                       text34       004538
__ptext35                                       text35       004546
__ptext36                                       text36       004504
__ptext37                                       text37       004588
__ptext38                                       text38       0040F4
__ptext39                                       text39       004554
__ptext4                                        text4        000F1E
__ptext40                                       text40       004562
__ptext41                                       text41       004570
__ptext43                                       text43       004370
__ptext44                                       text44       00458C
__ptext45                                       text45       00419A
__ptext46                                       text46       00446E
__ptext47                                       text47       0043A6
__ptext48                                       text48       00458E
__ptext49                                       text49       0043DA
__ptext5                                        text5        0042C0
__ptext50                                       text50       003F2A
__ptext51                                       text51       004590
__ptext52                                       text52       003FAA
__ptext53                                       text53       003524
__ptext54                                       text54       002A60
__ptext55                                       text55       001DD8
__ptext56                                       text56       000000
__ptext6                                        text6        00402A
__ptext7                                        text7        004230
__ptext8                                        text8        003B7C
__ptext9                                        text9        00451C
__ramtop                                        ramtop       000F00
__smallconst                                    smallconst   000F00
_abs                                            text23       00433A
_dbuf                                           bssBANK1     000100
_dc                                             bssBANK0     0000F8
_efgtoa                                         text4        000F1E
_efgtoa$1545                                    cstackBANK0  0000AE
_eusart2RxLastError                             bssBANK0     0000FB
_flags                                          bssBANK0     0000FA
_floorf                                         text13       003156
_fputc                                          text8        003B7C
_fputs                                          text7        004230
_labs                                           text12       00409C
_main                                           text0        0036D8
_memcpy                                         text11       004148
_pad                                            text6        00402A
_pin_down                                       text50       003F2A
_pin_up                                         text52       003FAA
_prec                                           bssBANK0     0000F6
_printf                                         text1        004498
_putch                                          text9        00451C
_strcpy                                         text5        0042C0
_t                                              nvCOMRAM     00003A
_t_b                                            bssCOMRAM    00004D
_t_ms                                           bssCOMRAM    000053
_t_s                                            bssCOMRAM    000051
_timer_callback                                 text45       00419A
_vfpfcnvrt                                      text3        002DFA
_vfprintf                                       text2        0041E6
_width                                          bssBANK0     0000F4
abs@a                                           cstackBANK0  000066
btemp                                           temp         000055
efgtoa@c                                        cstackBANK0  0000A5
efgtoa@d                                        cstackBANK0  0000B3
efgtoa@e                                        cstackBANK0  0000B7
efgtoa@f                                        cstackBANK0  0000A1
efgtoa@fp                                       cstackBANK0  00009F
efgtoa@g                                        cstackBANK0  0000CA
efgtoa@h                                        cstackBANK0  0000C1
efgtoa@i                                        cstackBANK0  0000BF
efgtoa@l                                        cstackBANK0  0000C5
efgtoa@m                                        cstackBANK0  0000B5
efgtoa@mode                                     cstackBANK0  0000B1
efgtoa@n                                        cstackBANK0  0000CE
efgtoa@ne                                       cstackBANK0  0000A8
efgtoa@nmode                                    cstackBANK0  0000B2
efgtoa@ou                                       cstackBANK0  0000BB
efgtoa@p                                        cstackBANK0  0000AA
efgtoa@pp                                       cstackBANK0  0000B0
efgtoa@sign                                     cstackBANK0  0000C9
efgtoa@t                                        cstackBANK0  0000AC
efgtoa@u                                        cstackBANK0  0000D0
efgtoa@w                                        cstackBANK0  0000B9
end_of_initialization                           cinit        004464
floorf@F521                                     bssBANK0     0000EC
floorf@e                                        cstackBANK0  000095
floorf@m                                        cstackBANK0  000091
floorf@u                                        cstackBANK0  000097
floorf@x                                        cstackBANK0  000087
fputc@c                                         cstackBANK0  000062
fputc@fp                                        cstackBANK0  000064
fputs@c                                         cstackBANK0  00006F
fputs@fp                                        cstackBANK0  00006D
fputs@i                                         cstackBANK0  000070
fputs@s                                         cstackBANK0  00006B
i2___fladd                                      text55       001DD8
i2___fladd@a                                    cstackCOMRAM 00002C
i2___fladd@aexp                                 cstackCOMRAM 000035
i2___fladd@b                                    cstackCOMRAM 000028
i2___fladd@bexp                                 cstackCOMRAM 000036
i2___fladd@grs                                  cstackCOMRAM 000037
i2___fladd@signs                                cstackCOMRAM 000034
i2___fldiv                                      text54       002A60
i2___fldiv@a                                    cstackCOMRAM 000013
i2___fldiv@aexp                                 cstackCOMRAM 000027
i2___fldiv@b                                    cstackCOMRAM 00000F
i2___fldiv@bexp                                 cstackCOMRAM 000026
i2___fldiv@grs                                  cstackCOMRAM 000022
i2___fldiv@new_exp                              cstackCOMRAM 000020
i2___fldiv@rem                                  cstackCOMRAM 00001B
i2___fldiv@sign                                 cstackCOMRAM 00001F
i2___xxtofl                                     text53       003524
i2___xxtofl@arg                                 cstackCOMRAM 00000B
i2___xxtofl@exp                                 cstackCOMRAM 00000A
i2___xxtofl@sign                                cstackCOMRAM 000009
i2___xxtofl@val                                 cstackCOMRAM 000001
int$flags                                       temp         000055
intlevel0                                       text         000000
intlevel1                                       text         000000
intlevel2                                       text         000000
intlevel3                                       text         000000
isa$std                                         (abs)        000001
isa$xinst                                       (abs)        000000
labs@a                                          cstackBANK0  000060
memcpy@d                                        cstackBANK0  000067
memcpy@d1                                       cstackBANK0  000060
memcpy@n                                        cstackBANK0  000064
memcpy@s                                        cstackBANK0  000069
memcpy@s1                                       cstackBANK0  000062
memcpy@tmp                                      cstackBANK0  000066
pad@buf                                         cstackBANK0  000074
pad@fp                                          cstackBANK0  000072
pad@i                                           cstackBANK0  000079
pad@p                                           cstackBANK0  000076
printf@ap                                       cstackBANK0  0000EB
printf@fmt                                      cstackBANK0  0000E6
putch@txData                                    cstackBANK0  000061
stackhi                                         (abs)        000000
stacklo                                         (abs)        000000
start                                           init         000076
start_initialization                            cinit        004440
strcpy@d                                        cstackBANK0  000064
strcpy@dest                                     cstackBANK0  000060
strcpy@src                                      cstackBANK0  000062
ttemp5                                          temp         000056
ttemp6                                          temp         000059
ttemp7                                          temp         00005D
vfpfcnvrt@ap                                    cstackBANK0  0000D7
vfpfcnvrt@c                                     cstackBANK0  0000E0
vfpfcnvrt@convarg                               cstackBANK0  0000DB
vfpfcnvrt@cp                                    cstackBANK0  0000DF
vfpfcnvrt@done                                  cstackBANK0  0000DA
vfpfcnvrt@fmt                                   cstackBANK0  0000D6
vfpfcnvrt@fp                                    cstackBANK0  0000D4
vfprintf@ap                                     cstackBANK0  0000E4
vfprintf@cfmt                                   cstackBANK0  0000E5
vfprintf@fmt                                    cstackBANK0  0000E3
vfprintf@fp                                     cstackBANK0  0000E1
wtemp8                                          temp         000056


MODULE INFORMATION

Module		Function		Class		Link	Load	Size
/opt/microchip/xc8/v2.45/pic/sources/c99/common/floorf.c
		_floorf        		CODE           	3156	0000	534

/opt/microchip/xc8/v2.45/pic/sources/c99/common/floorf.c estimated size: 534

/opt/microchip/xc8/v2.45/pic/sources/c99/common/strcpy.c
		_strcpy        		CODE           	42C0	0000	64

/opt/microchip/xc8/v2.45/pic/sources/c99/common/strcpy.c estimated size: 64

/opt/microchip/xc8/v2.45/pic/sources/c99/common/fleq.c
		___fleq        		CODE           	3E7E	0000	172

/opt/microchip/xc8/v2.45/pic/sources/c99/common/fleq.c estimated size: 172

/opt/microchip/xc8/v2.45/pic/sources/c99/common/nf_fputs.c
		_fputs         		CODE           	4230	0000	72

/opt/microchip/xc8/v2.45/pic/sources/c99/common/nf_fputs.c estimated size: 72

/opt/microchip/xc8/v2.45/pic/sources/c99/common/sprcadd.c
		___flsub       		CODE           	4278	0000	72
		___fladd       		CODE           	1916	0000	1218

/opt/microchip/xc8/v2.45/pic/sources/c99/common/sprcadd.c estimated size: 1290

mcc_generated_files/eusart2.c
		_putch         		CODE           	451C	0000	14
		_EUSART2_SetOverrunErrorHandler		CODE           	4554	0000	14
		_EUSART2_SetErrorHandler		CODE           	4570	0000	14
		_EUSART2_Write 		CODE           	44D0	0000	26
		_EUSART2_Initialize		CODE           	40F4	0000	84
		_EUSART2_SetFramingErrorHandler		CODE           	4562	0000	14

mcc_generated_files/eusart2.c estimated size: 166

/opt/microchip/xc8/v2.45/pic/sources/c99/common/awdiv.c
		___awdiv       		CODE           	3C48	0000	198

/opt/microchip/xc8/v2.45/pic/sources/c99/common/awdiv.c estimated size: 198

/opt/microchip/xc8/v2.45/pic/sources/c99/common/fltol.c
		___fltol       		CODE           	386E	0000	264

/opt/microchip/xc8/v2.45/pic/sources/c99/common/fltol.c estimated size: 264

mcc_generated_files/tmr2.c
		_TMR2_ISR      		CODE           	4370	0000	54
		_TMR2_Initialize		CODE           	440E	0000	50
		_TMR2_Start    		CODE           	4584	0000	4
		_TMR2_SetInterruptHandler		CODE           	452A	0000	14
		_TMR2_DefaultInterruptHandler		CODE           	458C	0000	2
		_TMR2_StartTimer		CODE           	457E	0000	6

mcc_generated_files/tmr2.c estimated size: 130

mcc_generated_files/interrupt_manager.c
		_INTERRUPT_Initialize		CODE           	4588	0000	4
		_INTERRUPT_InterruptManager		CODE           	0008	0000	110

mcc_generated_files/interrupt_manager.c estimated size: 114

mcc_generated_files/pin_manager.c
		_PIN_MANAGER_Initialize		CODE           	3D0E	0000	190
		_IOCAF1_DefaultInterruptHandler		CODE           	458E	0000	2
		_IOCAF1_ISR    		CODE           	43A6	0000	52
		_IOCAF0_SetInterruptHandler		CODE           	4546	0000	14
		_IOCAF1_SetInterruptHandler		CODE           	4538	0000	14
		_PIN_MANAGER_IOC		CODE           	446E	0000	42
		_IOCAF0_DefaultInterruptHandler		CODE           	4590	0000	2
		_IOCAF0_ISR    		CODE           	43DA	0000	52

mcc_generated_files/pin_manager.c estimated size: 368

/opt/microchip/xc8/v2.45/pic/sources/c99/common/labs.c
		_labs          		CODE           	409C	0000	88

/opt/microchip/xc8/v2.45/pic/sources/c99/common/labs.c estimated size: 88

/opt/microchip/xc8/v2.45/pic/sources/c99/common/doprnt.c
		_vfpfcnvrt     		CODE           	2DFA	0000	860
		_efgtoa        		CODE           	0F1E	0000	2552
		_pad           		CODE           	402A	0000	114
		_vfprintf      		CODE           	41E6	0000	74

/opt/microchip/xc8/v2.45/pic/sources/c99/common/doprnt.c estimated size: 3600

/opt/microchip/xc8/v2.45/pic/sources/c99/common/memcpy.c
		_memcpy        		CODE           	4148	0000	82

/opt/microchip/xc8/v2.45/pic/sources/c99/common/memcpy.c estimated size: 82

/opt/microchip/xc8/v2.45/pic/sources/c99/common/flneg.c
		___flneg       		CODE           	4300	0000	58

/opt/microchip/xc8/v2.45/pic/sources/c99/common/flneg.c estimated size: 58

/opt/microchip/xc8/v2.45/pic/sources/c99/common/abs.c
		_abs           		CODE           	433A	0000	54

/opt/microchip/xc8/v2.45/pic/sources/c99/common/abs.c estimated size: 54

/opt/microchip/xc8/v2.45/pic/sources/c99/common/nf_fputc.c
		_fputc         		CODE           	3B7C	0000	204

/opt/microchip/xc8/v2.45/pic/sources/c99/common/nf_fputc.c estimated size: 204

/opt/microchip/xc8/v2.45/pic/sources/c99/common/__fpclassifyf.c
		___fpclassifyf 		CODE           	3A7C	0000	256

/opt/microchip/xc8/v2.45/pic/sources/c99/common/__fpclassifyf.c estimated size: 256

/opt/microchip/xc8/v2.45/pic/sources/c99/common/flge.c
		___flge        		CODE           	3976	0000	262

/opt/microchip/xc8/v2.45/pic/sources/c99/common/flge.c estimated size: 262

shared
		i2___fladd     		CODE           	1DD8	0000	1216
		i2___fldiv     		CODE           	2A60	0000	922
		__initialization		CODE           	4440	0000	36
		i2___xxtofl    		CODE           	3524	0000	436

shared estimated size: 2610

mcc_generated_files/mcc.c
		_PMD_Initialize		CODE           	44B4	0000	28
		_OSCILLATOR_Initialize		CODE           	4504	0000	24
		_SYSTEM_Initialize		CODE           	44EA	0000	26

mcc_generated_files/mcc.c estimated size: 78

/opt/microchip/xc8/v2.45/pic/sources/c99/common/sprcmul.c
		___flmul       		CODE           	2298	0000	1068

/opt/microchip/xc8/v2.45/pic/sources/c99/common/sprcmul.c estimated size: 1068

/opt/microchip/xc8/v2.45/pic/sources/c99/common/sprcdiv.c
		___fldiv       		CODE           	26C4	0000	924

/opt/microchip/xc8/v2.45/pic/sources/c99/common/sprcdiv.c estimated size: 924

/opt/microchip/xc8/v2.45/pic/sources/c99/common/awmod.c
		___awmod       		CODE           	3DCC	0000	178

/opt/microchip/xc8/v2.45/pic/sources/c99/common/awmod.c estimated size: 178

main.c
		_pin_up        		CODE           	3FAA	0000	128
		_main          		CODE           	36D8	0000	406
		_timer_callback		CODE           	419A	0000	76
		_pin_down      		CODE           	3F2A	0000	128

main.c estimated size: 738

/opt/microchip/xc8/v2.45/pic/sources/c99/common/xxtofl.c
		___xxtofl      		CODE           	336C	0000	440

/opt/microchip/xc8/v2.45/pic/sources/c99/common/xxtofl.c estimated size: 440

/opt/microchip/xc8/v2.45/pic/sources/c99/common/printf.c
		_printf        		CODE           	4498	0000	28

/opt/microchip/xc8/v2.45/pic/sources/c99/common/printf.c estimated size: 28

